Startpoint: _19561_ (rising edge-triggered flip-flop clocked by clk)
Endpoint: _19560_ (rising edge-triggered flip-flop clocked by clk)
Path Group: clk
Path Type: min

Fanout       Cap      Slew     Delay      Time   Description
-------------------------------------------------------------------------------------
                    0.0000    0.0000    0.0000   clock clk (rise edge)
                              0.0000    0.0000   clock network delay (ideal)
                    0.0000    0.0000    0.0000 ^ _19561_/CLK (sky130_fd_sc_hd__dfxtp_4)
                    0.0272    0.2461    0.2461 ^ _19561_/Q (sky130_fd_sc_hd__dfxtp_4)
     1    0.0017                                 CPU_reset_a2 (net)
                    0.0272    0.0000    0.2461 ^ _19560_/D (sky130_fd_sc_hd__dfxtp_4)
                                        0.2461   data arrival time

                    0.0000    0.0000    0.0000   clock clk (rise edge)
                              0.0000    0.0000   clock network delay (ideal)
                              0.0000    0.0000   clock reconvergence pessimism
                                        0.0000 ^ _19560_/CLK (sky130_fd_sc_hd__dfxtp_4)
                             -0.0261   -0.0261   library hold time
                                       -0.0261   data required time
-------------------------------------------------------------------------------------
                                       -0.0261   data required time
                                       -0.2461   data arrival time
-------------------------------------------------------------------------------------
                                        0.2722   slack (MET)


Startpoint: _19483_ (rising edge-triggered flip-flop clocked by clk)
Endpoint: _19843_ (rising edge-triggered flip-flop clocked by clk)
Path Group: clk
Path Type: max

Fanout       Cap      Slew     Delay      Time   Description
-------------------------------------------------------------------------------------
                    0.0000    0.0000    0.0000   clock clk (rise edge)
                              0.0000    0.0000   clock network delay (ideal)
                    0.0000    0.0000    0.0000 ^ _19483_/CLK (sky130_fd_sc_hd__dfxtp_4)
                    0.0476    0.2679    0.2679 ^ _19483_/Q (sky130_fd_sc_hd__dfxtp_4)
     3    0.0114                                 CPU_src2_value_a3[1] (net)
                    0.0476    0.0000    0.2679 ^ _12000_/A (sky130_fd_sc_hd__inv_2)
                    0.0311    0.0396    0.3075 v _12000_/Y (sky130_fd_sc_hd__inv_2)
     3    0.0113                                 _06468_ (net)
                    0.0311    0.0000    0.3075 v _12003_/A (sky130_fd_sc_hd__or2_4)
                    0.0477    0.1903    0.4978 v _12003_/X (sky130_fd_sc_hd__or2_4)
     2    0.0086                                 _06471_ (net)
                    0.0477    0.0000    0.4978 v _12004_/B1 (sky130_fd_sc_hd__o21a_4)
                    0.0403    0.0969    0.5947 v _12004_/X (sky130_fd_sc_hd__o21a_4)
     2    0.0107                                 _06472_ (net)
                    0.0403    0.0000    0.5947 v _12005_/B (sky130_fd_sc_hd__or2_4)
                    0.0476    0.1773    0.7720 v _12005_/X (sky130_fd_sc_hd__or2_4)
     2    0.0086                                 _06473_ (net)
                    0.0476    0.0000    0.7720 v _12006_/B1 (sky130_fd_sc_hd__o21a_4)
                    0.0489    0.1057    0.8777 v _12006_/X (sky130_fd_sc_hd__o21a_4)
     3    0.0172                                 _06474_ (net)
                    0.0489    0.0000    0.8777 v _12007_/B2 (sky130_fd_sc_hd__o22a_4)
                    0.0525    0.1584    1.0361 v _12007_/X (sky130_fd_sc_hd__o22a_4)
     3    0.0172                                 _06475_ (net)
                    0.0525    0.0000    1.0361 v _12008_/B2 (sky130_fd_sc_hd__o22a_4)
                    0.0491    0.1551    1.1912 v _12008_/X (sky130_fd_sc_hd__o22a_4)
     3    0.0148                                 _06476_ (net)
                    0.0491    0.0000    1.1912 v _12009_/D (sky130_fd_sc_hd__or4_4)
                    0.0689    0.2956    1.4868 v _12009_/X (sky130_fd_sc_hd__or4_4)
     1    0.0023                                 _06477_ (net)
                    0.0689    0.0000    1.4868 v _12010_/D (sky130_fd_sc_hd__and4_4)
                    0.0497    0.1780    1.6648 v _12010_/X (sky130_fd_sc_hd__and4_4)
     4    0.0175                                 _06478_ (net)
                    0.0497    0.0000    1.6648 v _12011_/C (sky130_fd_sc_hd__or3_4)
                    0.0529    0.2341    1.8989 v _12011_/X (sky130_fd_sc_hd__or3_4)
     1    0.0023                                 _06479_ (net)
                    0.0529    0.0000    1.8989 v _12012_/D (sky130_fd_sc_hd__and4_4)
                    0.0497    0.1715    2.0704 v _12012_/X (sky130_fd_sc_hd__and4_4)
     4    0.0175                                 _06480_ (net)
                    0.0497    0.0000    2.0704 v _12013_/C (sky130_fd_sc_hd__or3_4)
                    0.0529    0.2341    2.3045 v _12013_/X (sky130_fd_sc_hd__or3_4)
     1    0.0023                                 _06481_ (net)
                    0.0529    0.0000    2.3045 v _12014_/D (sky130_fd_sc_hd__and4_4)
                    0.0462    0.1668    2.4713 v _12014_/X (sky130_fd_sc_hd__and4_4)
     3    0.0148                                 _06482_ (net)
                    0.0462    0.0000    2.4713 v _12015_/D (sky130_fd_sc_hd__or4_4)
                    0.0689    0.2951    2.7664 v _12015_/X (sky130_fd_sc_hd__or4_4)
     1    0.0023                                 _06483_ (net)
                    0.0689    0.0000    2.7664 v _12016_/D (sky130_fd_sc_hd__and4_4)
                    0.0436    0.1700    2.9363 v _12016_/X (sky130_fd_sc_hd__and4_4)
     3    0.0128                                 _06484_ (net)
                    0.0436    0.0000    2.9363 v _12017_/C (sky130_fd_sc_hd__or3_4)
                    0.0530    0.2330    3.1693 v _12017_/X (sky130_fd_sc_hd__or3_4)
     1    0.0023                                 _06485_ (net)
                    0.0530    0.0000    3.1693 v _12018_/C (sky130_fd_sc_hd__and3_4)
                    0.0393    0.1506    3.3199 v _12018_/X (sky130_fd_sc_hd__and3_4)
     2    0.0107                                 _06486_ (net)
                    0.0393    0.0000    3.3199 v _12019_/B (sky130_fd_sc_hd__or2_4)
                    0.0476    0.1771    3.4969 v _12019_/X (sky130_fd_sc_hd__or2_4)
     2    0.0086                                 _06487_ (net)
                    0.0476    0.0000    3.4969 v _12020_/B1 (sky130_fd_sc_hd__o21a_4)
                    0.0435    0.1000    3.5970 v _12020_/X (sky130_fd_sc_hd__o21a_4)
     2    0.0131                                 _06488_ (net)
                    0.0435    0.0000    3.5970 v _12032_/A1 (sky130_fd_sc_hd__o21a_4)
                    0.0312    0.1577    3.7547 v _12032_/X (sky130_fd_sc_hd__o21a_4)
     1    0.0041                                 _06500_ (net)
                    0.0312    0.0000    3.7547 v _12033_/B2 (sky130_fd_sc_hd__a32o_4)
                    0.0487    0.1370    3.8917 v _12033_/X (sky130_fd_sc_hd__a32o_4)
     3    0.0134                                 _06501_ (net)
                    0.0487    0.0000    3.8917 v _12034_/B2 (sky130_fd_sc_hd__o22a_4)
                    0.0341    0.1347    4.0264 v _12034_/X (sky130_fd_sc_hd__o22a_4)
     1    0.0043                                 _06502_ (net)
                    0.0341    0.0000    4.0264 v _12035_/A (sky130_fd_sc_hd__inv_2)
                    0.0611    0.0605    4.0869 ^ _12035_/Y (sky130_fd_sc_hd__inv_2)
     6    0.0143                                 _06503_ (net)
                    0.0611    0.0000    4.0869 ^ _15469_/A (sky130_fd_sc_hd__buf_2)
                    0.1199    0.1554    4.2423 ^ _15469_/X (sky130_fd_sc_hd__buf_2)
     6    0.0272                                 _09132_ (net)
                    0.1199    0.0000    4.2423 ^ _15617_/A1 (sky130_fd_sc_hd__a211o_4)
                    0.0318    0.1180    4.3603 ^ _15617_/X (sky130_fd_sc_hd__a211o_4)
     1    0.0046                                 _09248_ (net)
                    0.0318    0.0000    4.3603 ^ _15618_/A (sky130_fd_sc_hd__inv_2)
                    0.0111    0.0174    4.3777 v _15618_/Y (sky130_fd_sc_hd__inv_2)
     1    0.0016                                 _00173_ (net)
                    0.0111    0.0000    4.3777 v _19843_/D (sky130_fd_sc_hd__dfxtp_4)
                                        4.3777   data arrival time

                    0.0000   10.0000   10.0000   clock clk (rise edge)
                              0.0000   10.0000   clock network delay (ideal)
                              0.0000   10.0000   clock reconvergence pessimism
                                       10.0000 ^ _19843_/CLK (sky130_fd_sc_hd__dfxtp_4)
                             -0.0786    9.9214   library setup time
                                        9.9214   data required time
-------------------------------------------------------------------------------------
                                        9.9214   data required time
                                       -4.3777   data arrival time
-------------------------------------------------------------------------------------
                                        5.5437   slack (MET)


