Startpoint: _19561_ (rising edge-triggered flip-flop clocked by clk)
Endpoint: _19560_ (rising edge-triggered flip-flop clocked by clk)
Path Group: clk
Path Type: min

Fanout       Cap      Slew     Delay      Time   Description
-------------------------------------------------------------------------------------
                    0.0000    0.0000    0.0000   clock clk (rise edge)
                              0.0000    0.0000   clock network delay (ideal)
                    0.0000    0.0000    0.0000 ^ _19561_/CLK (sky130_fd_sc_hd__dfxtp_4)
                    0.0207    0.1894    0.1894 ^ _19561_/Q (sky130_fd_sc_hd__dfxtp_4)
     1    0.0017                                 CPU_reset_a2 (net)
                    0.0207    0.0000    0.1894 ^ _19560_/D (sky130_fd_sc_hd__dfxtp_4)
                                        0.1894   data arrival time

                    0.0000    0.0000    0.0000   clock clk (rise edge)
                              0.0000    0.0000   clock network delay (ideal)
                              0.0000    0.0000   clock reconvergence pessimism
                                        0.0000 ^ _19560_/CLK (sky130_fd_sc_hd__dfxtp_4)
                             -0.0161   -0.0161   library hold time
                                       -0.0161   data required time
-------------------------------------------------------------------------------------
                                       -0.0161   data required time
                                       -0.1894   data arrival time
-------------------------------------------------------------------------------------
                                        0.2054   slack (MET)


Startpoint: _19483_ (rising edge-triggered flip-flop clocked by clk)
Endpoint: _19843_ (rising edge-triggered flip-flop clocked by clk)
Path Group: clk
Path Type: max

Fanout       Cap      Slew     Delay      Time   Description
-------------------------------------------------------------------------------------
                    0.0000    0.0000    0.0000   clock clk (rise edge)
                              0.0000    0.0000   clock network delay (ideal)
                    0.0000    0.0000    0.0000 ^ _19483_/CLK (sky130_fd_sc_hd__dfxtp_4)
                    0.0381    0.2070    0.2070 ^ _19483_/Q (sky130_fd_sc_hd__dfxtp_4)
     3    0.0114                                 CPU_src2_value_a3[1] (net)
                    0.0381    0.0000    0.2070 ^ _12000_/A (sky130_fd_sc_hd__inv_2)
                    0.0232    0.0275    0.2345 v _12000_/Y (sky130_fd_sc_hd__inv_2)
     3    0.0111                                 _06468_ (net)
                    0.0232    0.0000    0.2345 v _12003_/A (sky130_fd_sc_hd__or2_4)
                    0.0379    0.1535    0.3880 v _12003_/X (sky130_fd_sc_hd__or2_4)
     2    0.0085                                 _06471_ (net)
                    0.0379    0.0000    0.3880 v _12004_/B1 (sky130_fd_sc_hd__o21a_4)
                    0.0320    0.0796    0.4677 v _12004_/X (sky130_fd_sc_hd__o21a_4)
     2    0.0106                                 _06472_ (net)
                    0.0320    0.0000    0.4677 v _12005_/B (sky130_fd_sc_hd__or2_4)
                    0.0379    0.1437    0.6114 v _12005_/X (sky130_fd_sc_hd__or2_4)
     2    0.0085                                 _06473_ (net)
                    0.0379    0.0000    0.6114 v _12006_/B1 (sky130_fd_sc_hd__o21a_4)
                    0.0383    0.0864    0.6978 v _12006_/X (sky130_fd_sc_hd__o21a_4)
     3    0.0171                                 _06474_ (net)
                    0.0383    0.0000    0.6978 v _12007_/B2 (sky130_fd_sc_hd__o22a_4)
                    0.0414    0.1278    0.8256 v _12007_/X (sky130_fd_sc_hd__o22a_4)
     3    0.0171                                 _06475_ (net)
                    0.0414    0.0000    0.8256 v _12008_/B2 (sky130_fd_sc_hd__o22a_4)
                    0.0387    0.1254    0.9510 v _12008_/X (sky130_fd_sc_hd__o22a_4)
     3    0.0146                                 _06476_ (net)
                    0.0387    0.0000    0.9510 v _12009_/D (sky130_fd_sc_hd__or4_4)
                    0.0544    0.2361    1.1871 v _12009_/X (sky130_fd_sc_hd__or4_4)
     1    0.0022                                 _06477_ (net)
                    0.0544    0.0000    1.1871 v _12010_/D (sky130_fd_sc_hd__and4_4)
                    0.0401    0.1480    1.3351 v _12010_/X (sky130_fd_sc_hd__and4_4)
     4    0.0174                                 _06478_ (net)
                    0.0401    0.0000    1.3351 v _12011_/C (sky130_fd_sc_hd__or3_4)
                    0.0421    0.1886    1.5236 v _12011_/X (sky130_fd_sc_hd__or3_4)
     1    0.0022                                 _06479_ (net)
                    0.0421    0.0000    1.5236 v _12012_/D (sky130_fd_sc_hd__and4_4)
                    0.0402    0.1427    1.6663 v _12012_/X (sky130_fd_sc_hd__and4_4)
     4    0.0174                                 _06480_ (net)
                    0.0402    0.0000    1.6663 v _12013_/C (sky130_fd_sc_hd__or3_4)
                    0.0421    0.1886    1.8549 v _12013_/X (sky130_fd_sc_hd__or3_4)
     1    0.0022                                 _06481_ (net)
                    0.0421    0.0000    1.8549 v _12014_/D (sky130_fd_sc_hd__and4_4)
                    0.0375    0.1388    1.9937 v _12014_/X (sky130_fd_sc_hd__and4_4)
     3    0.0146                                 _06482_ (net)
                    0.0375    0.0000    1.9937 v _12015_/D (sky130_fd_sc_hd__or4_4)
                    0.0544    0.2358    2.2295 v _12015_/X (sky130_fd_sc_hd__or4_4)
     1    0.0022                                 _06483_ (net)
                    0.0544    0.0000    2.2295 v _12016_/D (sky130_fd_sc_hd__and4_4)
                    0.0356    0.1414    2.3709 v _12016_/X (sky130_fd_sc_hd__and4_4)
     3    0.0127                                 _06484_ (net)
                    0.0356    0.0000    2.3709 v _12017_/C (sky130_fd_sc_hd__or3_4)
                    0.0422    0.1874    2.5583 v _12017_/X (sky130_fd_sc_hd__or3_4)
     1    0.0023                                 _06485_ (net)
                    0.0422    0.0000    2.5583 v _12018_/C (sky130_fd_sc_hd__and3_4)
                    0.0318    0.1248    2.6831 v _12018_/X (sky130_fd_sc_hd__and3_4)
     2    0.0106                                 _06486_ (net)
                    0.0318    0.0000    2.6831 v _12019_/B (sky130_fd_sc_hd__or2_4)
                    0.0379    0.1436    2.8267 v _12019_/X (sky130_fd_sc_hd__or2_4)
     2    0.0085                                 _06487_ (net)
                    0.0379    0.0000    2.8267 v _12020_/B1 (sky130_fd_sc_hd__o21a_4)
                    0.0343    0.0821    2.9088 v _12020_/X (sky130_fd_sc_hd__o21a_4)
     2    0.0129                                 _06488_ (net)
                    0.0343    0.0000    2.9088 v _12032_/A1 (sky130_fd_sc_hd__o21a_4)
                    0.0250    0.1283    3.0371 v _12032_/X (sky130_fd_sc_hd__o21a_4)
     1    0.0041                                 _06500_ (net)
                    0.0250    0.0000    3.0371 v _12033_/B2 (sky130_fd_sc_hd__a32o_4)
                    0.0382    0.1124    3.1495 v _12033_/X (sky130_fd_sc_hd__a32o_4)
     3    0.0133                                 _06501_ (net)
                    0.0382    0.0000    3.1495 v _12034_/B2 (sky130_fd_sc_hd__o22a_4)
                    0.0273    0.1093    3.2588 v _12034_/X (sky130_fd_sc_hd__o22a_4)
     1    0.0043                                 _06502_ (net)
                    0.0273    0.0000    3.2588 v _12035_/A (sky130_fd_sc_hd__inv_2)
                    0.0543    0.0542    3.3130 ^ _12035_/Y (sky130_fd_sc_hd__inv_2)
     6    0.0144                                 _06503_ (net)
                    0.0543    0.0000    3.3130 ^ _15469_/A (sky130_fd_sc_hd__buf_2)
                    0.1063    0.1281    3.4411 ^ _15469_/X (sky130_fd_sc_hd__buf_2)
     6    0.0276                                 _09132_ (net)
                    0.1063    0.0000    3.4411 ^ _15617_/A1 (sky130_fd_sc_hd__a211o_4)
                    0.0243    0.0849    3.5260 ^ _15617_/X (sky130_fd_sc_hd__a211o_4)
     1    0.0047                                 _09248_ (net)
                    0.0243    0.0000    3.5260 ^ _15618_/A (sky130_fd_sc_hd__inv_2)
                    0.0083    0.0118    3.5378 v _15618_/Y (sky130_fd_sc_hd__inv_2)
     1    0.0016                                 _00173_ (net)
                    0.0083    0.0000    3.5378 v _19843_/D (sky130_fd_sc_hd__dfxtp_4)
                                        3.5378   data arrival time

                    0.0000   10.0000   10.0000   clock clk (rise edge)
                              0.0000   10.0000   clock network delay (ideal)
                              0.0000   10.0000   clock reconvergence pessimism
                                       10.0000 ^ _19843_/CLK (sky130_fd_sc_hd__dfxtp_4)
                             -0.0646    9.9354   library setup time
                                        9.9354   data required time
-------------------------------------------------------------------------------------
                                        9.9354   data required time
                                       -3.5378   data arrival time
-------------------------------------------------------------------------------------
                                        6.3976   slack (MET)


