Startpoint: _19561_ (rising edge-triggered flip-flop clocked by clk)
Endpoint: _19560_ (rising edge-triggered flip-flop clocked by clk)
Path Group: clk
Path Type: min

Fanout       Cap      Slew     Delay      Time   Description
-------------------------------------------------------------------------------------
                    0.0000    0.0000    0.0000   clock clk (rise edge)
                              0.0000    0.0000   clock network delay (ideal)
                    0.0000    0.0000    0.0000 ^ _19561_/CLK (sky130_fd_sc_hd__dfxtp_4)
                    0.0373    0.4887    0.4887 ^ _19561_/Q (sky130_fd_sc_hd__dfxtp_4)
     1    0.0015                                 CPU_reset_a2 (net)
                    0.0373    0.0000    0.4887 ^ _19560_/D (sky130_fd_sc_hd__dfxtp_4)
                                        0.4887   data arrival time

                    0.0000    0.0000    0.0000   clock clk (rise edge)
                              0.0000    0.0000   clock network delay (ideal)
                              0.0000    0.0000   clock reconvergence pessimism
                                        0.0000 ^ _19560_/CLK (sky130_fd_sc_hd__dfxtp_4)
                             -0.0567   -0.0567   library hold time
                                       -0.0567   data required time
-------------------------------------------------------------------------------------
                                       -0.0567   data required time
                                       -0.4887   data arrival time
-------------------------------------------------------------------------------------
                                        0.5455   slack (MET)


Startpoint: _19483_ (rising edge-triggered flip-flop clocked by clk)
Endpoint: _19843_ (rising edge-triggered flip-flop clocked by clk)
Path Group: clk
Path Type: max

Fanout       Cap      Slew     Delay      Time   Description
-------------------------------------------------------------------------------------
                    0.0000    0.0000    0.0000   clock clk (rise edge)
                              0.0000    0.0000   clock network delay (ideal)
                    0.0000    0.0000    0.0000 ^ _19483_/CLK (sky130_fd_sc_hd__dfxtp_4)
                    0.0752    0.5249    0.5249 ^ _19483_/Q (sky130_fd_sc_hd__dfxtp_4)
     3    0.0108                                 CPU_src2_value_a3[1] (net)
                    0.0752    0.0000    0.5249 ^ _12000_/A (sky130_fd_sc_hd__inv_2)
                    0.0356    0.0639    0.5888 v _12000_/Y (sky130_fd_sc_hd__inv_2)
     3    0.0105                                 _06468_ (net)
                    0.0356    0.0000    0.5888 v _12003_/A (sky130_fd_sc_hd__or2_4)
                    0.0744    0.4355    1.0243 v _12003_/X (sky130_fd_sc_hd__or2_4)
     2    0.0080                                 _06471_ (net)
                    0.0744    0.0000    1.0243 v _12004_/B1 (sky130_fd_sc_hd__o21a_4)
                    0.0567    0.2043    1.2286 v _12004_/X (sky130_fd_sc_hd__o21a_4)
     2    0.0101                                 _06472_ (net)
                    0.0567    0.0000    1.2286 v _12005_/B (sky130_fd_sc_hd__or2_4)
                    0.0745    0.4181    1.6467 v _12005_/X (sky130_fd_sc_hd__or2_4)
     2    0.0080                                 _06473_ (net)
                    0.0745    0.0000    1.6467 v _12006_/B1 (sky130_fd_sc_hd__o21a_4)
                    0.0664    0.2161    1.8628 v _12006_/X (sky130_fd_sc_hd__o21a_4)
     3    0.0162                                 _06474_ (net)
                    0.0664    0.0000    1.8628 v _12007_/B2 (sky130_fd_sc_hd__o22a_4)
                    0.0771    0.3598    2.2226 v _12007_/X (sky130_fd_sc_hd__o22a_4)
     3    0.0162                                 _06475_ (net)
                    0.0771    0.0000    2.2226 v _12008_/B2 (sky130_fd_sc_hd__o22a_4)
                    0.0727    0.3594    2.5821 v _12008_/X (sky130_fd_sc_hd__o22a_4)
     3    0.0139                                 _06476_ (net)
                    0.0727    0.0000    2.5821 v _12009_/D (sky130_fd_sc_hd__or4_4)
                    0.1255    0.7954    3.3775 v _12009_/X (sky130_fd_sc_hd__or4_4)
     1    0.0021                                 _06477_ (net)
                    0.1255    0.0000    3.3775 v _12010_/D (sky130_fd_sc_hd__and4_4)
                    0.0665    0.3849    3.7624 v _12010_/X (sky130_fd_sc_hd__and4_4)
     4    0.0165                                 _06478_ (net)
                    0.0665    0.0000    3.7624 v _12011_/C (sky130_fd_sc_hd__or3_4)
                    0.0949    0.6058    4.3681 v _12011_/X (sky130_fd_sc_hd__or3_4)
     1    0.0021                                 _06479_ (net)
                    0.0949    0.0000    4.3681 v _12012_/D (sky130_fd_sc_hd__and4_4)
                    0.0663    0.3688    4.7369 v _12012_/X (sky130_fd_sc_hd__and4_4)
     4    0.0165                                 _06480_ (net)
                    0.0663    0.0000    4.7369 v _12013_/C (sky130_fd_sc_hd__or3_4)
                    0.0949    0.6057    5.3426 v _12013_/X (sky130_fd_sc_hd__or3_4)
     1    0.0021                                 _06481_ (net)
                    0.0949    0.0000    5.3426 v _12014_/D (sky130_fd_sc_hd__and4_4)
                    0.0626    0.3641    5.7066 v _12014_/X (sky130_fd_sc_hd__and4_4)
     3    0.0139                                 _06482_ (net)
                    0.0626    0.0000    5.7066 v _12015_/D (sky130_fd_sc_hd__or4_4)
                    0.1254    0.7920    6.4986 v _12015_/X (sky130_fd_sc_hd__or4_4)
     1    0.0021                                 _06483_ (net)
                    0.1254    0.0000    6.4986 v _12016_/D (sky130_fd_sc_hd__and4_4)
                    0.0602    0.3763    6.8749 v _12016_/X (sky130_fd_sc_hd__and4_4)
     3    0.0121                                 _06484_ (net)
                    0.0602    0.0000    6.8749 v _12017_/C (sky130_fd_sc_hd__or3_4)
                    0.0952    0.6036    7.4786 v _12017_/X (sky130_fd_sc_hd__or3_4)
     1    0.0022                                 _06485_ (net)
                    0.0952    0.0000    7.4786 v _12018_/C (sky130_fd_sc_hd__and3_4)
                    0.0551    0.3347    7.8132 v _12018_/X (sky130_fd_sc_hd__and3_4)
     2    0.0101                                 _06486_ (net)
                    0.0551    0.0000    7.8132 v _12019_/B (sky130_fd_sc_hd__or2_4)
                    0.0745    0.4174    8.2307 v _12019_/X (sky130_fd_sc_hd__or2_4)
     2    0.0080                                 _06487_ (net)
                    0.0745    0.0000    8.2307 v _12020_/B1 (sky130_fd_sc_hd__o21a_4)
                    0.0604    0.2093    8.4399 v _12020_/X (sky130_fd_sc_hd__o21a_4)
     2    0.0123                                 _06488_ (net)
                    0.0604    0.0000    8.4399 v _12032_/A1 (sky130_fd_sc_hd__o21a_4)
                    0.0454    0.3601    8.8000 v _12032_/X (sky130_fd_sc_hd__o21a_4)
     1    0.0039                                 _06500_ (net)
                    0.0454    0.0000    8.8000 v _12033_/B2 (sky130_fd_sc_hd__a32o_4)
                    0.0706    0.4655    9.2655 v _12033_/X (sky130_fd_sc_hd__a32o_4)
     3    0.0127                                 _06501_ (net)
                    0.0706    0.0000    9.2655 v _12034_/B2 (sky130_fd_sc_hd__o22a_4)
                    0.0514    0.3258    9.5913 v _12034_/X (sky130_fd_sc_hd__o22a_4)
     1    0.0041                                 _06502_ (net)
                    0.0514    0.0000    9.5913 v _12035_/A (sky130_fd_sc_hd__inv_2)
                    0.1031    0.1129    9.7042 ^ _12035_/Y (sky130_fd_sc_hd__inv_2)
     6    0.0130                                 _06503_ (net)
                    0.1031    0.0000    9.7042 ^ _15469_/A (sky130_fd_sc_hd__buf_2)
                    0.2052    0.2778    9.9820 ^ _15469_/X (sky130_fd_sc_hd__buf_2)
     6    0.0254                                 _09132_ (net)
                    0.2052    0.0000    9.9820 ^ _15617_/A1 (sky130_fd_sc_hd__a211o_4)
                    0.0419    0.2134   10.1955 ^ _15617_/X (sky130_fd_sc_hd__a211o_4)
     1    0.0045                                 _09248_ (net)
                    0.0419    0.0000   10.1955 ^ _15618_/A (sky130_fd_sc_hd__inv_2)
                    0.0113    0.0291   10.2245 v _15618_/Y (sky130_fd_sc_hd__inv_2)
     1    0.0014                                 _00173_ (net)
                    0.0113    0.0000   10.2245 v _19843_/D (sky130_fd_sc_hd__dfxtp_4)
                                       10.2245   data arrival time

                    0.0000   10.0000   10.0000   clock clk (rise edge)
                              0.0000   10.0000   clock network delay (ideal)
                              0.0000   10.0000   clock reconvergence pessimism
                                       10.0000 ^ _19843_/CLK (sky130_fd_sc_hd__dfxtp_4)
                             -0.2216    9.7784   library setup time
                                        9.7784   data required time
-------------------------------------------------------------------------------------
                                        9.7784   data required time
                                      -10.2245   data arrival time
-------------------------------------------------------------------------------------
                                       -0.4462   slack (VIOLATED)


