Startpoint: _19450_ (rising edge-triggered flip-flop clocked by clk)
Endpoint: _20772_ (rising edge-triggered flip-flop clocked by clk)
Path Group: clk
Path Type: min

Fanout       Cap      Slew     Delay      Time   Description
-------------------------------------------------------------------------------------
                              0.0000    0.0000   clock clk (rise edge)
                              7.6571    7.6571   clock network delay (propagated)
                    0.5559    0.0000    7.6571 ^ _19450_/CLK (sky130_fd_sc_hd__dfxtp_4)
                    0.6240    2.9202   10.5773 ^ _19450_/Q (sky130_fd_sc_hd__dfxtp_4)
     4    0.0292                                 CPU_dmem_wr_data_a4[0] (net)
                    0.6240    0.0031   10.5804 ^ _11372_/A1 (sky130_fd_sc_hd__a211o_4)
                    0.1080    0.7185   11.2990 ^ _11372_/X (sky130_fd_sc_hd__a211o_4)
     1    0.0020                                 _01102_ (net)
                    0.1080    0.0000   11.2990 ^ _20772_/D (sky130_fd_sc_hd__dfxtp_4)
                                       11.2990   data arrival time

                              0.0000    0.0000   clock clk (rise edge)
                             10.4683   10.4683   clock network delay (propagated)
                              0.0000   10.4683   clock reconvergence pessimism
                                       10.4683 ^ _20772_/CLK (sky130_fd_sc_hd__dfxtp_4)
                              0.3803   10.8486   library hold time
                                       10.8486   data required time
-------------------------------------------------------------------------------------
                                       10.8486   data required time
                                      -11.2990   data arrival time
-------------------------------------------------------------------------------------
                                        0.4504   slack (MET)


Startpoint: _19515_ (rising edge-triggered flip-flop clocked by clk)
Endpoint: _20291_ (rising edge-triggered flip-flop clocked by clk)
Path Group: clk
Path Type: max

Fanout       Cap      Slew     Delay      Time   Description
-------------------------------------------------------------------------------------
                              0.0000    0.0000   clock clk (rise edge)
                              8.2385    8.2385   clock network delay (propagated)
                    0.8523    0.0000    8.2385 ^ _19515_/CLK (sky130_fd_sc_hd__dfxtp_4)
                    0.1631    2.3788   10.6173 v _19515_/Q (sky130_fd_sc_hd__dfxtp_4)
     5    0.0087                                 CPU_src1_value_a3[1] (net)
                    0.1631    0.0002   10.6175 v _12003_/B (sky130_fd_sc_hd__or2_4)
                    0.3196    2.0763   12.6938 v _12003_/X (sky130_fd_sc_hd__or2_4)
     2    0.0089                                 _06471_ (net)
                    0.3196    0.0001   12.6938 v _12004_/B1 (sky130_fd_sc_hd__o21a_4)
                    0.2286    0.9744   13.6683 v _12004_/X (sky130_fd_sc_hd__o21a_4)
     2    0.0099                                 _06472_ (net)
                    0.2286    0.0000   13.6683 v _12005_/B (sky130_fd_sc_hd__or2_4)
                    0.3055    2.0576   15.7260 v _12005_/X (sky130_fd_sc_hd__or2_4)
     2    0.0045                                 _06473_ (net)
                    0.3055    0.0000   15.7260 v _12006_/B1 (sky130_fd_sc_hd__o21a_4)
                    0.2275    0.9628   16.6887 v _12006_/X (sky130_fd_sc_hd__o21a_4)
     3    0.0095                                 _06474_ (net)
                    0.2275    0.0002   16.6889 v _12007_/B2 (sky130_fd_sc_hd__o22a_4)
                    0.3054    1.9941   18.6830 v _12007_/X (sky130_fd_sc_hd__o22a_4)
     3    0.0158                                 _06475_ (net)
                    0.3054    0.0002   18.6832 v _12008_/B2 (sky130_fd_sc_hd__o22a_4)
                    0.2992    2.0276   20.7108 v _12008_/X (sky130_fd_sc_hd__o22a_4)
     3    0.0139                                 _06476_ (net)
                    0.2992    0.0001   20.7109 v _12009_/D (sky130_fd_sc_hd__or4_4)
                    0.7312    5.0523   25.7632 v _12009_/X (sky130_fd_sc_hd__or4_4)
     1    0.0034                                 _06477_ (net)
                    0.7312    0.0000   25.7633 v _12010_/D (sky130_fd_sc_hd__and4_4)
                    0.2583    2.0020   27.7652 v _12010_/X (sky130_fd_sc_hd__and4_4)
     4    0.0219                                 _06478_ (net)
                    0.2583    0.0012   27.7665 v _12011_/C (sky130_fd_sc_hd__or3_4)
                    0.5091    3.5370   31.3035 v _12011_/X (sky130_fd_sc_hd__or3_4)
     1    0.0025                                 _06479_ (net)
                    0.5091    0.0000   31.3035 v _12012_/D (sky130_fd_sc_hd__and4_4)
                    0.2525    1.8388   33.1423 v _12012_/X (sky130_fd_sc_hd__and4_4)
     4    0.0201                                 _06480_ (net)
                    0.2525    0.0007   33.1430 v _12013_/C (sky130_fd_sc_hd__or3_4)
                    0.5167    3.5615   36.7045 v _12013_/X (sky130_fd_sc_hd__or3_4)
     1    0.0035                                 _06481_ (net)
                    0.5167    0.0000   36.7045 v _12014_/D (sky130_fd_sc_hd__and4_4)
                    0.2486    1.8342   38.5387 v _12014_/X (sky130_fd_sc_hd__and4_4)
     3    0.0184                                 _06482_ (net)
                    0.2486    0.0016   38.5403 v _12015_/D (sky130_fd_sc_hd__or4_4)
                    0.7249    5.0045   43.5448 v _12015_/X (sky130_fd_sc_hd__or4_4)
     1    0.0028                                 _06483_ (net)
                    0.7249    0.0000   43.5448 v _12016_/D (sky130_fd_sc_hd__and4_4)
                    0.2414    1.9606   45.5055 v _12016_/X (sky130_fd_sc_hd__and4_4)
     3    0.0151                                 _06484_ (net)
                    0.2414    0.0004   45.5059 v _12017_/C (sky130_fd_sc_hd__or3_4)
                    0.5065    3.5228   49.0286 v _12017_/X (sky130_fd_sc_hd__or3_4)
     1    0.0023                                 _06485_ (net)
                    0.5065    0.0000   49.0286 v _12018_/C (sky130_fd_sc_hd__and3_4)
                    0.2260    1.6934   50.7220 v _12018_/X (sky130_fd_sc_hd__and3_4)
     2    0.0131                                 _06486_ (net)
                    0.2260    0.0004   50.7224 v _12019_/B (sky130_fd_sc_hd__or2_4)
                    0.3059    2.0558   52.7783 v _12019_/X (sky130_fd_sc_hd__or2_4)
     2    0.0045                                 _06487_ (net)
                    0.3059    0.0000   52.7783 v _12020_/B1 (sky130_fd_sc_hd__o21a_4)
                    0.2386    0.9739   53.7522 v _12020_/X (sky130_fd_sc_hd__o21a_4)
     2    0.0115                                 _06488_ (net)
                    0.2386    0.0000   53.7523 v _12032_/A1 (sky130_fd_sc_hd__o21a_4)
                    0.2093    1.8618   55.6141 v _12032_/X (sky130_fd_sc_hd__o21a_4)
     1    0.0038                                 _06500_ (net)
                    0.2093    0.0000   55.6141 v _12033_/B2 (sky130_fd_sc_hd__a32o_4)
                    0.2689    2.0242   57.6383 v _12033_/X (sky130_fd_sc_hd__a32o_4)
     3    0.0148                                 _06501_ (net)
                    0.2689    0.0013   57.6397 v _12034_/B2 (sky130_fd_sc_hd__o22a_4)
                    0.2557    1.9063   59.5459 v _12034_/X (sky130_fd_sc_hd__o22a_4)
     1    0.0042                                 _06502_ (net)
                    0.2557    0.0000   59.5459 v _12035_/A (sky130_fd_sc_hd__inv_2)
                    1.0558    0.9786   60.5246 ^ _12035_/Y (sky130_fd_sc_hd__inv_2)
     6    0.0391                                 _06503_ (net)
                    1.0559    0.0060   60.5306 ^ _13296_/A (sky130_fd_sc_hd__buf_2)
                    0.9907    1.5805   62.1111 ^ _13296_/X (sky130_fd_sc_hd__buf_2)
     6    0.0323                                 _07535_ (net)
                    0.9907    0.0003   62.1114 ^ _13917_/A1 (sky130_fd_sc_hd__a211o_4)
                    0.1658    0.9487   63.0600 ^ _13917_/X (sky130_fd_sc_hd__a211o_4)
     1    0.0046                                 _07996_ (net)
                    0.1658    0.0000   63.0601 ^ _13918_/A (sky130_fd_sc_hd__inv_2)
                    0.0299    0.1221   63.1822 v _13918_/Y (sky130_fd_sc_hd__inv_2)
     1    0.0015                                 _00621_ (net)
                    0.0299    0.0000   63.1822 v _20291_/D (sky130_fd_sc_hd__dfxtp_4)
                                       63.1822   data arrival time

                             10.0000   10.0000   clock clk (rise edge)
                              6.4512   16.4512   clock network delay (propagated)
                              0.0000   16.4512   clock reconvergence pessimism
                                       16.4512 ^ _20291_/CLK (sky130_fd_sc_hd__dfxtp_4)
                             -1.2015   15.2497   library setup time
                                       15.2497   data required time
-------------------------------------------------------------------------------------
                                       15.2497   data required time
                                      -63.1822   data arrival time
-------------------------------------------------------------------------------------
                                      -47.9325   slack (VIOLATED)


