Startpoint: _19446_ (rising edge-triggered flip-flop clocked by clk)
Endpoint: _19445_ (rising edge-triggered flip-flop clocked by clk)
Path Group: clk
Path Type: min

Fanout       Cap      Slew     Delay      Time   Description
-------------------------------------------------------------------------------------
                              0.0000    0.0000   clock clk (rise edge)
                              1.0283    1.0283   clock network delay (propagated)
                    0.1074    0.0000    1.0283 ^ _19446_/CLK (sky130_fd_sc_hd__dfxtp_4)
                    0.0339    0.3360    1.3644 ^ _19446_/Q (sky130_fd_sc_hd__dfxtp_4)
     2    0.0041                                 CPU_valid_taken_br_a4 (net)
                    0.0339    0.0000    1.3644 ^ _19445_/D (sky130_fd_sc_hd__dfxtp_4)
                                        1.3644   data arrival time

                              0.0000    0.0000   clock clk (rise edge)
                              1.0935    1.0935   clock network delay (propagated)
                              0.0000    1.0935   clock reconvergence pessimism
                                        1.0935 ^ _19445_/CLK (sky130_fd_sc_hd__dfxtp_4)
                              0.0007    1.0942   library hold time
                                        1.0942   data required time
-------------------------------------------------------------------------------------
                                        1.0942   data required time
                                       -1.3644   data arrival time
-------------------------------------------------------------------------------------
                                        0.2701   slack (MET)


Startpoint: _19483_ (rising edge-triggered flip-flop clocked by clk)
Endpoint: _20163_ (rising edge-triggered flip-flop clocked by clk)
Path Group: clk
Path Type: max

Fanout       Cap      Slew     Delay      Time   Description
-------------------------------------------------------------------------------------
                              0.0000    0.0000   clock clk (rise edge)
                              1.0609    1.0609   clock network delay (propagated)
                    0.1539    0.0000    1.0609 ^ _19483_/CLK (sky130_fd_sc_hd__dfxtp_4)
                    0.0527    0.3684    1.4294 ^ _19483_/Q (sky130_fd_sc_hd__dfxtp_4)
     3    0.0106                                 CPU_src2_value_a3[1] (net)
                    0.0527    0.0000    1.4294 ^ _12000_/A (sky130_fd_sc_hd__inv_2)
                    0.0264    0.0393    1.4687 v _12000_/Y (sky130_fd_sc_hd__inv_2)
     3    0.0102                                 _06468_ (net)
                    0.0264    0.0000    1.4687 v _12003_/A (sky130_fd_sc_hd__or2_4)
                    0.0550    0.2607    1.7294 v _12003_/X (sky130_fd_sc_hd__or2_4)
     2    0.0078                                 _06471_ (net)
                    0.0550    0.0000    1.7294 v _12004_/B1 (sky130_fd_sc_hd__o21a_4)
                    0.0425    0.1264    1.8558 v _12004_/X (sky130_fd_sc_hd__o21a_4)
     2    0.0098                                 _06472_ (net)
                    0.0425    0.0000    1.8558 v _12005_/B (sky130_fd_sc_hd__or2_4)
                    0.0550    0.2477    2.1035 v _12005_/X (sky130_fd_sc_hd__or2_4)
     2    0.0078                                 _06473_ (net)
                    0.0550    0.0000    2.1035 v _12006_/B1 (sky130_fd_sc_hd__o21a_4)
                    0.0494    0.1344    2.2379 v _12006_/X (sky130_fd_sc_hd__o21a_4)
     3    0.0158                                 _06474_ (net)
                    0.0494    0.0000    2.2379 v _12007_/B2 (sky130_fd_sc_hd__o22a_4)
                    0.0533    0.2162    2.4541 v _12007_/X (sky130_fd_sc_hd__o22a_4)
     3    0.0158                                 _06475_ (net)
                    0.0533    0.0000    2.4541 v _12008_/B2 (sky130_fd_sc_hd__o22a_4)
                    0.0506    0.2136    2.6677 v _12008_/X (sky130_fd_sc_hd__o22a_4)
     3    0.0135                                 _06476_ (net)
                    0.0506    0.0000    2.6677 v _12009_/D (sky130_fd_sc_hd__or4_4)
                    0.0914    0.4517    3.1194 v _12009_/X (sky130_fd_sc_hd__or4_4)
     1    0.0021                                 _06477_ (net)
                    0.0914    0.0000    3.1194 v _12010_/D (sky130_fd_sc_hd__and4_4)
                    0.0503    0.2442    3.3636 v _12010_/X (sky130_fd_sc_hd__and4_4)
     4    0.0160                                 _06478_ (net)
                    0.0503    0.0000    3.3636 v _12011_/C (sky130_fd_sc_hd__or3_4)
                    0.0693    0.3483    3.7120 v _12011_/X (sky130_fd_sc_hd__or3_4)
     1    0.0021                                 _06479_ (net)
                    0.0693    0.0000    3.7120 v _12012_/D (sky130_fd_sc_hd__and4_4)
                    0.0503    0.2325    3.9445 v _12012_/X (sky130_fd_sc_hd__and4_4)
     4    0.0160                                 _06480_ (net)
                    0.0503    0.0000    3.9445 v _12013_/C (sky130_fd_sc_hd__or3_4)
                    0.0693    0.3483    4.2928 v _12013_/X (sky130_fd_sc_hd__or3_4)
     1    0.0021                                 _06481_ (net)
                    0.0693    0.0000    4.2928 v _12014_/D (sky130_fd_sc_hd__and4_4)
                    0.0474    0.2283    4.5211 v _12014_/X (sky130_fd_sc_hd__and4_4)
     3    0.0135                                 _06482_ (net)
                    0.0474    0.0000    4.5211 v _12015_/D (sky130_fd_sc_hd__or4_4)
                    0.0914    0.4510    4.9721 v _12015_/X (sky130_fd_sc_hd__or4_4)
     1    0.0021                                 _06483_ (net)
                    0.0914    0.0000    4.9721 v _12016_/D (sky130_fd_sc_hd__and4_4)
                    0.0454    0.2368    5.2088 v _12016_/X (sky130_fd_sc_hd__and4_4)
     3    0.0118                                 _06484_ (net)
                    0.0454    0.0000    5.2088 v _12017_/C (sky130_fd_sc_hd__or3_4)
                    0.0694    0.3471    5.5559 v _12017_/X (sky130_fd_sc_hd__or3_4)
     1    0.0021                                 _06485_ (net)
                    0.0694    0.0000    5.5559 v _12018_/C (sky130_fd_sc_hd__and3_4)
                    0.0418    0.2080    5.7639 v _12018_/X (sky130_fd_sc_hd__and3_4)
     2    0.0098                                 _06486_ (net)
                    0.0418    0.0000    5.7639 v _12019_/B (sky130_fd_sc_hd__or2_4)
                    0.0550    0.2474    6.0113 v _12019_/X (sky130_fd_sc_hd__or2_4)
     2    0.0078                                 _06487_ (net)
                    0.0550    0.0000    6.0113 v _12020_/B1 (sky130_fd_sc_hd__o21a_4)
                    0.0449    0.1294    6.1407 v _12020_/X (sky130_fd_sc_hd__o21a_4)
     2    0.0119                                 _06488_ (net)
                    0.0449    0.0000    6.1407 v _12032_/A1 (sky130_fd_sc_hd__o21a_4)
                    0.0350    0.2227    6.3635 v _12032_/X (sky130_fd_sc_hd__o21a_4)
     1    0.0038                                 _06500_ (net)
                    0.0350    0.0000    6.3635 v _12033_/B2 (sky130_fd_sc_hd__a32o_4)
                    0.0465    0.1764    6.5398 v _12033_/X (sky130_fd_sc_hd__a32o_4)
     3    0.0123                                 _06501_ (net)
                    0.0465    0.0000    6.5398 v _12034_/B2 (sky130_fd_sc_hd__o22a_4)
                    0.0381    0.1912    6.7310 v _12034_/X (sky130_fd_sc_hd__o22a_4)
     1    0.0040                                 _06502_ (net)
                    0.0381    0.0000    6.7310 v _12035_/A (sky130_fd_sc_hd__inv_2)
                    0.0757    0.0795    6.8105 ^ _12035_/Y (sky130_fd_sc_hd__inv_2)
     6    0.0134                                 _06503_ (net)
                    0.0757    0.0000    6.8105 ^ _14025_/A (sky130_fd_sc_hd__buf_2)
                    0.1483    0.1862    6.9967 ^ _14025_/X (sky130_fd_sc_hd__buf_2)
     6    0.0255                                 _08072_ (net)
                    0.1483    0.0000    6.9967 ^ _14418_/A1 (sky130_fd_sc_hd__a211o_4)
                    0.0320    0.1294    7.1261 ^ _14418_/X (sky130_fd_sc_hd__a211o_4)
     1    0.0043                                 _08369_ (net)
                    0.0320    0.0000    7.1261 ^ _14419_/A (sky130_fd_sc_hd__inv_2)
                    0.0097    0.0175    7.1435 v _14419_/Y (sky130_fd_sc_hd__inv_2)
     1    0.0015                                 _00493_ (net)
                    0.0097    0.0000    7.1435 v _20163_/D (sky130_fd_sc_hd__dfxtp_4)
                                        7.1435   data arrival time

                             10.0000   10.0000   clock clk (rise edge)
                              1.0446   11.0446   clock network delay (propagated)
                              0.0000   11.0446   clock reconvergence pessimism
                                       11.0446 ^ _20163_/CLK (sky130_fd_sc_hd__dfxtp_4)
                             -0.0897   10.9549   library setup time
                                       10.9549   data required time
-------------------------------------------------------------------------------------
                                       10.9549   data required time
                                       -7.1435   data arrival time
-------------------------------------------------------------------------------------
                                        3.8114   slack (MET)


