Startpoint: _19446_ (rising edge-triggered flip-flop clocked by clk)
Endpoint: _19445_ (rising edge-triggered flip-flop clocked by clk)
Path Group: clk
Path Type: min

Fanout       Cap      Slew     Delay      Time   Description
-------------------------------------------------------------------------------------
                              0.0000    0.0000   clock clk (rise edge)
                              0.8190    0.8190   clock network delay (propagated)
                    0.0871    0.0000    0.8190 ^ _19446_/CLK (sky130_fd_sc_hd__dfxtp_4)
                    0.0282    0.2585    1.0776 ^ _19446_/Q (sky130_fd_sc_hd__dfxtp_4)
     2    0.0042                                 CPU_valid_taken_br_a4 (net)
                    0.0282    0.0000    1.0776 ^ _19445_/D (sky130_fd_sc_hd__dfxtp_4)
                                        1.0776   data arrival time

                              0.0000    0.0000   clock clk (rise edge)
                              0.8720    0.8720   clock network delay (propagated)
                              0.0000    0.8720   clock reconvergence pessimism
                                        0.8720 ^ _19445_/CLK (sky130_fd_sc_hd__dfxtp_4)
                             -0.0098    0.8622   library hold time
                                        0.8622   data required time
-------------------------------------------------------------------------------------
                                        0.8622   data required time
                                       -1.0776   data arrival time
-------------------------------------------------------------------------------------
                                        0.2153   slack (MET)


Startpoint: _19483_ (rising edge-triggered flip-flop clocked by clk)
Endpoint: _20163_ (rising edge-triggered flip-flop clocked by clk)
Path Group: clk
Path Type: max

Fanout       Cap      Slew     Delay      Time   Description
-------------------------------------------------------------------------------------
                              0.0000    0.0000   clock clk (rise edge)
                              0.8455    0.8455   clock network delay (propagated)
                    0.1255    0.0000    0.8455 ^ _19483_/CLK (sky130_fd_sc_hd__dfxtp_4)
                    0.0431    0.2842    1.1297 ^ _19483_/Q (sky130_fd_sc_hd__dfxtp_4)
     3    0.0111                                 CPU_src2_value_a3[1] (net)
                    0.0431    0.0000    1.1297 ^ _12000_/A (sky130_fd_sc_hd__inv_2)
                    0.0244    0.0316    1.1613 v _12000_/Y (sky130_fd_sc_hd__inv_2)
     3    0.0107                                 _06468_ (net)
                    0.0244    0.0000    1.1613 v _12003_/A (sky130_fd_sc_hd__or2_4)
                    0.0440    0.1902    1.3515 v _12003_/X (sky130_fd_sc_hd__or2_4)
     2    0.0082                                 _06471_ (net)
                    0.0440    0.0000    1.3515 v _12004_/B1 (sky130_fd_sc_hd__o21a_4)
                    0.0358    0.0957    1.4473 v _12004_/X (sky130_fd_sc_hd__o21a_4)
     2    0.0103                                 _06472_ (net)
                    0.0358    0.0000    1.4473 v _12005_/B (sky130_fd_sc_hd__or2_4)
                    0.0439    0.1792    1.6264 v _12005_/X (sky130_fd_sc_hd__or2_4)
     2    0.0082                                 _06473_ (net)
                    0.0439    0.0000    1.6264 v _12006_/B1 (sky130_fd_sc_hd__o21a_4)
                    0.0422    0.1031    1.7295 v _12006_/X (sky130_fd_sc_hd__o21a_4)
     3    0.0165                                 _06474_ (net)
                    0.0422    0.0000    1.7295 v _12007_/B2 (sky130_fd_sc_hd__o22a_4)
                    0.0454    0.1584    1.8879 v _12007_/X (sky130_fd_sc_hd__o22a_4)
     3    0.0165                                 _06475_ (net)
                    0.0454    0.0000    1.8879 v _12008_/B2 (sky130_fd_sc_hd__o22a_4)
                    0.0428    0.1556    2.0435 v _12008_/X (sky130_fd_sc_hd__o22a_4)
     3    0.0141                                 _06476_ (net)
                    0.0428    0.0000    2.0435 v _12009_/D (sky130_fd_sc_hd__or4_4)
                    0.0654    0.3056    2.3491 v _12009_/X (sky130_fd_sc_hd__or4_4)
     1    0.0022                                 _06477_ (net)
                    0.0654    0.0000    2.3491 v _12010_/D (sky130_fd_sc_hd__and4_4)
                    0.0438    0.1813    2.5304 v _12010_/X (sky130_fd_sc_hd__and4_4)
     4    0.0168                                 _06478_ (net)
                    0.0438    0.0000    2.5304 v _12011_/C (sky130_fd_sc_hd__or3_4)
                    0.0504    0.2408    2.7712 v _12011_/X (sky130_fd_sc_hd__or3_4)
     1    0.0022                                 _06479_ (net)
                    0.0504    0.0000    2.7712 v _12012_/D (sky130_fd_sc_hd__and4_4)
                    0.0437    0.1742    2.9454 v _12012_/X (sky130_fd_sc_hd__and4_4)
     4    0.0168                                 _06480_ (net)
                    0.0437    0.0000    2.9454 v _12013_/C (sky130_fd_sc_hd__or3_4)
                    0.0504    0.2408    3.1862 v _12013_/X (sky130_fd_sc_hd__or3_4)
     1    0.0022                                 _06481_ (net)
                    0.0504    0.0000    3.1862 v _12014_/D (sky130_fd_sc_hd__and4_4)
                    0.0409    0.1699    3.3561 v _12014_/X (sky130_fd_sc_hd__and4_4)
     3    0.0141                                 _06482_ (net)
                    0.0409    0.0000    3.3561 v _12015_/D (sky130_fd_sc_hd__or4_4)
                    0.0654    0.3052    3.6613 v _12015_/X (sky130_fd_sc_hd__or4_4)
     1    0.0022                                 _06483_ (net)
                    0.0654    0.0000    3.6613 v _12016_/D (sky130_fd_sc_hd__and4_4)
                    0.0391    0.1741    3.8354 v _12016_/X (sky130_fd_sc_hd__and4_4)
     3    0.0123                                 _06484_ (net)
                    0.0391    0.0000    3.8354 v _12017_/C (sky130_fd_sc_hd__or3_4)
                    0.0506    0.2396    4.0750 v _12017_/X (sky130_fd_sc_hd__or3_4)
     1    0.0022                                 _06485_ (net)
                    0.0506    0.0000    4.0750 v _12018_/C (sky130_fd_sc_hd__and3_4)
                    0.0352    0.1534    4.2285 v _12018_/X (sky130_fd_sc_hd__and3_4)
     2    0.0103                                 _06486_ (net)
                    0.0352    0.0000    4.2285 v _12019_/B (sky130_fd_sc_hd__or2_4)
                    0.0440    0.1790    4.4075 v _12019_/X (sky130_fd_sc_hd__or2_4)
     2    0.0082                                 _06487_ (net)
                    0.0440    0.0000    4.4075 v _12020_/B1 (sky130_fd_sc_hd__o21a_4)
                    0.0382    0.0984    4.5058 v _12020_/X (sky130_fd_sc_hd__o21a_4)
     2    0.0125                                 _06488_ (net)
                    0.0382    0.0000    4.5058 v _12032_/A1 (sky130_fd_sc_hd__o21a_4)
                    0.0288    0.1609    4.6667 v _12032_/X (sky130_fd_sc_hd__o21a_4)
     1    0.0040                                 _06500_ (net)
                    0.0288    0.0000    4.6667 v _12033_/B2 (sky130_fd_sc_hd__a32o_4)
                    0.0412    0.1351    4.8019 v _12033_/X (sky130_fd_sc_hd__a32o_4)
     3    0.0129                                 _06501_ (net)
                    0.0412    0.0000    4.8019 v _12034_/B2 (sky130_fd_sc_hd__o22a_4)
                    0.0313    0.1373    4.9392 v _12034_/X (sky130_fd_sc_hd__o22a_4)
     1    0.0042                                 _06502_ (net)
                    0.0313    0.0000    4.9392 v _12035_/A (sky130_fd_sc_hd__inv_2)
                    0.0619    0.0630    5.0022 ^ _12035_/Y (sky130_fd_sc_hd__inv_2)
     6    0.0140                                 _06503_ (net)
                    0.0619    0.0000    5.0022 ^ _14025_/A (sky130_fd_sc_hd__buf_2)
                    0.1210    0.1488    5.1510 ^ _14025_/X (sky130_fd_sc_hd__buf_2)
     6    0.0267                                 _08072_ (net)
                    0.1210    0.0000    5.1510 ^ _14418_/A1 (sky130_fd_sc_hd__a211o_4)
                    0.0270    0.1022    5.2532 ^ _14418_/X (sky130_fd_sc_hd__a211o_4)
     1    0.0045                                 _08369_ (net)
                    0.0270    0.0000    5.2532 ^ _14419_/A (sky130_fd_sc_hd__inv_2)
                    0.0088    0.0138    5.2670 v _14419_/Y (sky130_fd_sc_hd__inv_2)
     1    0.0015                                 _00493_ (net)
                    0.0088    0.0000    5.2670 v _20163_/D (sky130_fd_sc_hd__dfxtp_4)
                                        5.2670   data arrival time

                             10.0000   10.0000   clock clk (rise edge)
                              0.8323   10.8323   clock network delay (propagated)
                              0.0000   10.8323   clock reconvergence pessimism
                                       10.8323 ^ _20163_/CLK (sky130_fd_sc_hd__dfxtp_4)
                             -0.0676   10.7647   library setup time
                                       10.7647   data required time
-------------------------------------------------------------------------------------
                                       10.7647   data required time
                                       -5.2670   data arrival time
-------------------------------------------------------------------------------------
                                        5.4977   slack (MET)


