Startpoint: _19561_ (rising edge-triggered flip-flop clocked by clk)
Endpoint: _19560_ (rising edge-triggered flip-flop clocked by clk)
Path Group: clk
Path Type: min

Fanout       Cap      Slew     Delay      Time   Description
-------------------------------------------------------------------------------------
                    0.0000    0.0000    0.0000   clock clk (rise edge)
                              0.0000    0.0000   clock network delay (ideal)
                    0.0000    0.0000    0.0000 ^ _19561_/CLK (sky130_fd_sc_hd__dfxtp_4)
                    0.1368    1.7999    1.7999 v _19561_/Q (sky130_fd_sc_hd__dfxtp_4)
     1    0.0011                                 CPU_reset_a2 (net)
                    0.1368    0.0000    1.7999 v _19560_/D (sky130_fd_sc_hd__dfxtp_4)
                                        1.7999   data arrival time

                    0.0000    0.0000    0.0000   clock clk (rise edge)
                              0.0000    0.0000   clock network delay (ideal)
                              0.0000    0.0000   clock reconvergence pessimism
                                        0.0000 ^ _19560_/CLK (sky130_fd_sc_hd__dfxtp_4)
                             -0.3583   -0.3583   library hold time
                                       -0.3583   data required time
-------------------------------------------------------------------------------------
                                       -0.3583   data required time
                                       -1.7999   data arrival time
-------------------------------------------------------------------------------------
                                        2.1581   slack (MET)


Startpoint: _19483_ (rising edge-triggered flip-flop clocked by clk)
Endpoint: _19843_ (rising edge-triggered flip-flop clocked by clk)
Path Group: clk
Path Type: max

Fanout       Cap      Slew     Delay      Time   Description
-------------------------------------------------------------------------------------
                    0.0000    0.0000    0.0000   clock clk (rise edge)
                              0.0000    0.0000   clock network delay (ideal)
                    0.0000    0.0000    0.0000 ^ _19483_/CLK (sky130_fd_sc_hd__dfxtp_4)
                    0.2736    2.2989    2.2989 ^ _19483_/Q (sky130_fd_sc_hd__dfxtp_4)
     3    0.0091                                 CPU_src2_value_a3[1] (net)
                    0.2736    0.0000    2.2989 ^ _12000_/A (sky130_fd_sc_hd__inv_2)
                    0.0802    0.2270    2.5259 v _12000_/Y (sky130_fd_sc_hd__inv_2)
     3    0.0094                                 _06468_ (net)
                    0.0802    0.0000    2.5259 v _12003_/A (sky130_fd_sc_hd__or2_4)
                    0.3172    2.1066    4.6326 v _12003_/X (sky130_fd_sc_hd__or2_4)
     2    0.0071                                 _06471_ (net)
                    0.3172    0.0000    4.6326 v _12004_/B1 (sky130_fd_sc_hd__o21a_4)
                    0.2308    0.9671    5.5997 v _12004_/X (sky130_fd_sc_hd__o21a_4)
     2    0.0089                                 _06472_ (net)
                    0.2308    0.0000    5.5997 v _12005_/B (sky130_fd_sc_hd__or2_4)
                    0.3168    2.0900    7.6897 v _12005_/X (sky130_fd_sc_hd__or2_4)
     2    0.0071                                 _06473_ (net)
                    0.3168    0.0000    7.6897 v _12006_/B1 (sky130_fd_sc_hd__o21a_4)
                    0.2501    0.9935    8.6832 v _12006_/X (sky130_fd_sc_hd__o21a_4)
     3    0.0143                                 _06474_ (net)
                    0.2501    0.0000    8.6832 v _12007_/B2 (sky130_fd_sc_hd__o22a_4)
                    0.3062    1.9963   10.6794 v _12007_/X (sky130_fd_sc_hd__o22a_4)
     3    0.0143                                 _06475_ (net)
                    0.3062    0.0000   10.6794 v _12008_/B2 (sky130_fd_sc_hd__o22a_4)
                    0.2984    2.0164   12.6958 v _12008_/X (sky130_fd_sc_hd__o22a_4)
     3    0.0123                                 _06476_ (net)
                    0.2984    0.0000   12.6958 v _12009_/D (sky130_fd_sc_hd__or4_4)
                    0.7159    4.9931   17.6888 v _12009_/X (sky130_fd_sc_hd__or4_4)
     1    0.0019                                 _06477_ (net)
                    0.7159    0.0000   17.6888 v _12010_/D (sky130_fd_sc_hd__and4_4)
                    0.2443    1.9516   19.6405 v _12010_/X (sky130_fd_sc_hd__and4_4)
     4    0.0145                                 _06478_ (net)
                    0.2443    0.0000   19.6405 v _12011_/C (sky130_fd_sc_hd__or3_4)
                    0.5044    3.5127   23.1532 v _12011_/X (sky130_fd_sc_hd__or3_4)
     1    0.0019                                 _06479_ (net)
                    0.5044    0.0000   23.1532 v _12012_/D (sky130_fd_sc_hd__and4_4)
                    0.2434    1.8050   24.9582 v _12012_/X (sky130_fd_sc_hd__and4_4)
     4    0.0145                                 _06480_ (net)
                    0.2434    0.0000   24.9582 v _12013_/C (sky130_fd_sc_hd__or3_4)
                    0.5044    3.5122   28.4704 v _12013_/X (sky130_fd_sc_hd__or3_4)
     1    0.0019                                 _06481_ (net)
                    0.5044    0.0000   28.4704 v _12014_/D (sky130_fd_sc_hd__and4_4)
                    0.2366    1.7926   30.2630 v _12014_/X (sky130_fd_sc_hd__and4_4)
     3    0.0123                                 _06482_ (net)
                    0.2366    0.0000   30.2630 v _12015_/D (sky130_fd_sc_hd__or4_4)
                    0.7159    4.9635   35.2265 v _12015_/X (sky130_fd_sc_hd__or4_4)
     1    0.0019                                 _06483_ (net)
                    0.7159    0.0000   35.2265 v _12016_/D (sky130_fd_sc_hd__and4_4)
                    0.2315    1.9280   37.1545 v _12016_/X (sky130_fd_sc_hd__and4_4)
     3    0.0106                                 _06484_ (net)
                    0.2315    0.0000   37.1545 v _12017_/C (sky130_fd_sc_hd__or3_4)
                    0.5034    3.5071   40.6616 v _12017_/X (sky130_fd_sc_hd__or3_4)
     1    0.0019                                 _06485_ (net)
                    0.5034    0.0000   40.6616 v _12018_/C (sky130_fd_sc_hd__and3_4)
                    0.2141    1.6615   42.3231 v _12018_/X (sky130_fd_sc_hd__and3_4)
     2    0.0089                                 _06486_ (net)
                    0.2141    0.0000   42.3231 v _12019_/B (sky130_fd_sc_hd__or2_4)
                    0.3171    2.0810   44.4041 v _12019_/X (sky130_fd_sc_hd__or2_4)
     2    0.0071                                 _06487_ (net)
                    0.3171    0.0000   44.4041 v _12020_/B1 (sky130_fd_sc_hd__o21a_4)
                    0.2387    0.9779   45.3820 v _12020_/X (sky130_fd_sc_hd__o21a_4)
     2    0.0107                                 _06488_ (net)
                    0.2387    0.0000   45.3820 v _12032_/A1 (sky130_fd_sc_hd__o21a_4)
                    0.2076    1.8572   47.2392 v _12032_/X (sky130_fd_sc_hd__o21a_4)
     1    0.0035                                 _06500_ (net)
                    0.2076    0.0000   47.2392 v _12033_/B2 (sky130_fd_sc_hd__a32o_4)
                    0.2629    2.0033   49.2425 v _12033_/X (sky130_fd_sc_hd__a32o_4)
     3    0.0114                                 _06501_ (net)
                    0.2629    0.0000   49.2425 v _12034_/B2 (sky130_fd_sc_hd__o22a_4)
                    0.2518    1.8923   51.1347 v _12034_/X (sky130_fd_sc_hd__o22a_4)
     1    0.0035                                 _06502_ (net)
                    0.2518    0.0000   51.1347 v _12035_/A (sky130_fd_sc_hd__inv_2)
                    0.3336    0.4440   51.5787 ^ _12035_/Y (sky130_fd_sc_hd__inv_2)
     6    0.0112                                 _06503_ (net)
                    0.3336    0.0000   51.5787 ^ _15469_/A (sky130_fd_sc_hd__buf_2)
                    0.7135    0.9433   52.5220 ^ _15469_/X (sky130_fd_sc_hd__buf_2)
     6    0.0225                                 _09132_ (net)
                    0.7135    0.0000   52.5220 ^ _15617_/A1 (sky130_fd_sc_hd__a211o_4)
                    0.1526    0.7909   53.3128 ^ _15617_/X (sky130_fd_sc_hd__a211o_4)
     1    0.0038                                 _09248_ (net)
                    0.1526    0.0000   53.3128 ^ _15618_/A (sky130_fd_sc_hd__inv_2)
                    0.0265    0.1122   53.4250 v _15618_/Y (sky130_fd_sc_hd__inv_2)
     1    0.0011                                 _00173_ (net)
                    0.0265    0.0000   53.4250 v _19843_/D (sky130_fd_sc_hd__dfxtp_4)
                                       53.4250   data arrival time

                    0.0000   10.0000   10.0000   clock clk (rise edge)
                              0.0000   10.0000   clock network delay (ideal)
                              0.0000   10.0000   clock reconvergence pessimism
                                       10.0000 ^ _19843_/CLK (sky130_fd_sc_hd__dfxtp_4)
                             -1.5667    8.4333   library setup time
                                        8.4333   data required time
-------------------------------------------------------------------------------------
                                        8.4333   data required time
                                      -53.4250   data arrival time
-------------------------------------------------------------------------------------
                                      -44.9917   slack (VIOLATED)


