Startpoint: _19561_ (rising edge-triggered flip-flop clocked by clk)
Endpoint: _19560_ (rising edge-triggered flip-flop clocked by clk)
Path Group: clk
Path Type: min

Fanout       Cap      Slew     Delay      Time   Description
-------------------------------------------------------------------------------------
                    0.0000    0.0000    0.0000   clock clk (rise edge)
                              0.0000    0.0000   clock network delay (ideal)
                    0.0000    0.0000    0.0000 ^ _19561_/CLK (sky130_fd_sc_hd__dfxtp_4)
                    0.0487    0.6719    0.6719 ^ _19561_/Q (sky130_fd_sc_hd__dfxtp_4)
     1    0.0014                                 CPU_reset_a2 (net)
                    0.0487    0.0000    0.6719 ^ _19560_/D (sky130_fd_sc_hd__dfxtp_4)
                                        0.6719   data arrival time

                    0.0000    0.0000    0.0000   clock clk (rise edge)
                              0.0000    0.0000   clock network delay (ideal)
                              0.0000    0.0000   clock reconvergence pessimism
                                        0.0000 ^ _19560_/CLK (sky130_fd_sc_hd__dfxtp_4)
                             -0.0687   -0.0687   library hold time
                                       -0.0687   data required time
-------------------------------------------------------------------------------------
                                       -0.0687   data required time
                                       -0.6719   data arrival time
-------------------------------------------------------------------------------------
                                        0.7406   slack (MET)


Startpoint: _19483_ (rising edge-triggered flip-flop clocked by clk)
Endpoint: _19843_ (rising edge-triggered flip-flop clocked by clk)
Path Group: clk
Path Type: max

Fanout       Cap      Slew     Delay      Time   Description
-------------------------------------------------------------------------------------
                    0.0000    0.0000    0.0000   clock clk (rise edge)
                              0.0000    0.0000   clock network delay (ideal)
                    0.0000    0.0000    0.0000 ^ _19483_/CLK (sky130_fd_sc_hd__dfxtp_4)
                    0.0980    0.7181    0.7181 ^ _19483_/Q (sky130_fd_sc_hd__dfxtp_4)
     3    0.0105                                 CPU_src2_value_a3[1] (net)
                    0.0980    0.0000    0.7181 ^ _12000_/A (sky130_fd_sc_hd__inv_2)
                    0.0422    0.0829    0.8010 v _12000_/Y (sky130_fd_sc_hd__inv_2)
     3    0.0103                                 _06468_ (net)
                    0.0422    0.0000    0.8010 v _12003_/A (sky130_fd_sc_hd__or2_4)
                    0.0986    0.6097    1.4107 v _12003_/X (sky130_fd_sc_hd__or2_4)
     2    0.0078                                 _06471_ (net)
                    0.0986    0.0000    1.4107 v _12004_/B1 (sky130_fd_sc_hd__o21a_4)
                    0.0731    0.2799    1.6907 v _12004_/X (sky130_fd_sc_hd__o21a_4)
     2    0.0099                                 _06472_ (net)
                    0.0731    0.0000    1.6907 v _12005_/B (sky130_fd_sc_hd__or2_4)
                    0.0989    0.5901    2.2808 v _12005_/X (sky130_fd_sc_hd__or2_4)
     2    0.0078                                 _06473_ (net)
                    0.0989    0.0000    2.2808 v _12006_/B1 (sky130_fd_sc_hd__o21a_4)
                    0.0851    0.2944    2.5752 v _12006_/X (sky130_fd_sc_hd__o21a_4)
     3    0.0158                                 _06474_ (net)
                    0.0851    0.0000    2.5752 v _12007_/B2 (sky130_fd_sc_hd__o22a_4)
                    0.0983    0.5117    3.0869 v _12007_/X (sky130_fd_sc_hd__o22a_4)
     3    0.0158                                 _06475_ (net)
                    0.0983    0.0000    3.0869 v _12008_/B2 (sky130_fd_sc_hd__o22a_4)
                    0.0926    0.5104    3.5973 v _12008_/X (sky130_fd_sc_hd__o22a_4)
     3    0.0135                                 _06476_ (net)
                    0.0926    0.0000    3.5973 v _12009_/D (sky130_fd_sc_hd__or4_4)
                    0.1787    1.1848    4.7821 v _12009_/X (sky130_fd_sc_hd__or4_4)
     1    0.0021                                 _06477_ (net)
                    0.1787    0.0000    4.7821 v _12010_/D (sky130_fd_sc_hd__and4_4)
                    0.0837    0.5372    5.3192 v _12010_/X (sky130_fd_sc_hd__and4_4)
     4    0.0161                                 _06478_ (net)
                    0.0837    0.0000    5.3192 v _12011_/C (sky130_fd_sc_hd__or3_4)
                    0.1321    0.8865    6.2057 v _12011_/X (sky130_fd_sc_hd__or3_4)
     1    0.0021                                 _06479_ (net)
                    0.1321    0.0000    6.2057 v _12012_/D (sky130_fd_sc_hd__and4_4)
                    0.0838    0.5096    6.7153 v _12012_/X (sky130_fd_sc_hd__and4_4)
     4    0.0161                                 _06480_ (net)
                    0.0838    0.0000    6.7153 v _12013_/C (sky130_fd_sc_hd__or3_4)
                    0.1321    0.8866    7.6019 v _12013_/X (sky130_fd_sc_hd__or3_4)
     1    0.0021                                 _06481_ (net)
                    0.1321    0.0000    7.6019 v _12014_/D (sky130_fd_sc_hd__and4_4)
                    0.0790    0.5022    8.1041 v _12014_/X (sky130_fd_sc_hd__and4_4)
     3    0.0135                                 _06482_ (net)
                    0.0790    0.0000    8.1041 v _12015_/D (sky130_fd_sc_hd__or4_4)
                    0.1787    1.1794    9.2834 v _12015_/X (sky130_fd_sc_hd__or4_4)
     1    0.0021                                 _06483_ (net)
                    0.1787    0.0000    9.2834 v _12016_/D (sky130_fd_sc_hd__and4_4)
                    0.0758    0.5247    9.8081 v _12016_/X (sky130_fd_sc_hd__and4_4)
     3    0.0118                                 _06484_ (net)
                    0.0758    0.0000    9.8081 v _12017_/C (sky130_fd_sc_hd__or3_4)
                    0.1321    0.8837   10.6917 v _12017_/X (sky130_fd_sc_hd__or3_4)
     1    0.0021                                 _06485_ (net)
                    0.1321    0.0000   10.6917 v _12018_/C (sky130_fd_sc_hd__and3_4)
                    0.0704    0.4641   11.1558 v _12018_/X (sky130_fd_sc_hd__and3_4)
     2    0.0099                                 _06486_ (net)
                    0.0704    0.0000   11.1558 v _12019_/B (sky130_fd_sc_hd__or2_4)
                    0.0988    0.5890   11.7448 v _12019_/X (sky130_fd_sc_hd__or2_4)
     2    0.0078                                 _06487_ (net)
                    0.0988    0.0000   11.7448 v _12020_/B1 (sky130_fd_sc_hd__o21a_4)
                    0.0773    0.2851   12.0299 v _12020_/X (sky130_fd_sc_hd__o21a_4)
     2    0.0120                                 _06488_ (net)
                    0.0773    0.0000   12.0299 v _12032_/A1 (sky130_fd_sc_hd__o21a_4)
                    0.0603    0.5063   12.5362 v _12032_/X (sky130_fd_sc_hd__o21a_4)
     1    0.0038                                 _06500_ (net)
                    0.0603    0.0000   12.5362 v _12033_/B2 (sky130_fd_sc_hd__a32o_4)
                    0.0891    0.6270   13.1631 v _12033_/X (sky130_fd_sc_hd__a32o_4)
     3    0.0124                                 _06501_ (net)
                    0.0891    0.0000   13.1631 v _12034_/B2 (sky130_fd_sc_hd__o22a_4)
                    0.0685    0.4691   13.6323 v _12034_/X (sky130_fd_sc_hd__o22a_4)
     1    0.0040                                 _06502_ (net)
                    0.0685    0.0000   13.6323 v _12035_/A (sky130_fd_sc_hd__inv_2)
                    0.1331    0.1506   13.7829 ^ _12035_/Y (sky130_fd_sc_hd__inv_2)
     6    0.0128                                 _06503_ (net)
                    0.1331    0.0000   13.7829 ^ _15469_/A (sky130_fd_sc_hd__buf_2)
                    0.2672    0.3635   14.1464 ^ _15469_/X (sky130_fd_sc_hd__buf_2)
     6    0.0249                                 _09132_ (net)
                    0.2672    0.0000   14.1464 ^ _15617_/A1 (sky130_fd_sc_hd__a211o_4)
                    0.0538    0.2836   14.4300 ^ _15617_/X (sky130_fd_sc_hd__a211o_4)
     1    0.0043                                 _09248_ (net)
                    0.0538    0.0000   14.4300 ^ _15618_/A (sky130_fd_sc_hd__inv_2)
                    0.0134    0.0382   14.4682 v _15618_/Y (sky130_fd_sc_hd__inv_2)
     1    0.0013                                 _00173_ (net)
                    0.0134    0.0000   14.4682 v _19843_/D (sky130_fd_sc_hd__dfxtp_4)
                                       14.4682   data arrival time

                    0.0000   10.0000   10.0000   clock clk (rise edge)
                              0.0000   10.0000   clock network delay (ideal)
                              0.0000   10.0000   clock reconvergence pessimism
                                       10.0000 ^ _19843_/CLK (sky130_fd_sc_hd__dfxtp_4)
                             -0.3479    9.6521   library setup time
                                        9.6521   data required time
-------------------------------------------------------------------------------------
                                        9.6521   data required time
                                      -14.4682   data arrival time
-------------------------------------------------------------------------------------
                                       -4.8161   slack (VIOLATED)


