Startpoint: _19561_ (rising edge-triggered flip-flop clocked by clk)
Endpoint: _19560_ (rising edge-triggered flip-flop clocked by clk)
Path Group: clk
Path Type: min

Fanout       Cap      Slew     Delay      Time   Description
-------------------------------------------------------------------------------------
                    0.0000    0.0000    0.0000   clock clk (rise edge)
                              0.0000    0.0000   clock network delay (ideal)
                    0.0000    0.0000    0.0000 ^ _19561_/CLK (sky130_fd_sc_hd__dfxtp_4)
                    0.0246    0.2542    0.2542 ^ _19561_/Q (sky130_fd_sc_hd__dfxtp_4)
     1    0.0016                                 CPU_reset_a2 (net)
                    0.0246    0.0000    0.2542 ^ _19560_/D (sky130_fd_sc_hd__dfxtp_4)
                                        0.2542   data arrival time

                    0.0000    0.0000    0.0000   clock clk (rise edge)
                              0.0000    0.0000   clock network delay (ideal)
                              0.0000    0.0000   clock reconvergence pessimism
                                        0.0000 ^ _19560_/CLK (sky130_fd_sc_hd__dfxtp_4)
                             -0.0237   -0.0237   library hold time
                                       -0.0237   data required time
-------------------------------------------------------------------------------------
                                       -0.0237   data required time
                                       -0.2542   data arrival time
-------------------------------------------------------------------------------------
                                        0.2779   slack (MET)


Startpoint: _19483_ (rising edge-triggered flip-flop clocked by clk)
Endpoint: _19843_ (rising edge-triggered flip-flop clocked by clk)
Path Group: clk
Path Type: max

Fanout       Cap      Slew     Delay      Time   Description
-------------------------------------------------------------------------------------
                    0.0000    0.0000    0.0000   clock clk (rise edge)
                              0.0000    0.0000   clock network delay (ideal)
                    0.0000    0.0000    0.0000 ^ _19483_/CLK (sky130_fd_sc_hd__dfxtp_4)
                    0.0476    0.2765    0.2765 ^ _19483_/Q (sky130_fd_sc_hd__dfxtp_4)
     3    0.0109                                 CPU_src2_value_a3[1] (net)
                    0.0476    0.0000    0.2765 ^ _12000_/A (sky130_fd_sc_hd__inv_2)
                    0.0254    0.0353    0.3117 v _12000_/Y (sky130_fd_sc_hd__inv_2)
     3    0.0105                                 _06468_ (net)
                    0.0254    0.0000    0.3117 v _12003_/A (sky130_fd_sc_hd__or2_4)
                    0.0490    0.2231    0.5348 v _12003_/X (sky130_fd_sc_hd__or2_4)
     2    0.0080                                 _06471_ (net)
                    0.0490    0.0000    0.5348 v _12004_/B1 (sky130_fd_sc_hd__o21a_4)
                    0.0388    0.1107    0.6455 v _12004_/X (sky130_fd_sc_hd__o21a_4)
     2    0.0100                                 _06472_ (net)
                    0.0388    0.0000    0.6455 v _12005_/B (sky130_fd_sc_hd__or2_4)
                    0.0490    0.2110    0.8565 v _12005_/X (sky130_fd_sc_hd__or2_4)
     2    0.0080                                 _06473_ (net)
                    0.0490    0.0000    0.8565 v _12006_/B1 (sky130_fd_sc_hd__o21a_4)
                    0.0453    0.1184    0.9749 v _12006_/X (sky130_fd_sc_hd__o21a_4)
     3    0.0161                                 _06474_ (net)
                    0.0453    0.0000    0.9749 v _12007_/B2 (sky130_fd_sc_hd__o22a_4)
                    0.0490    0.1853    1.1602 v _12007_/X (sky130_fd_sc_hd__o22a_4)
     3    0.0161                                 _06475_ (net)
                    0.0490    0.0000    1.1602 v _12008_/B2 (sky130_fd_sc_hd__o22a_4)
                    0.0462    0.1824    1.3426 v _12008_/X (sky130_fd_sc_hd__o22a_4)
     3    0.0138                                 _06476_ (net)
                    0.0462    0.0000    1.3426 v _12009_/D (sky130_fd_sc_hd__or4_4)
                    0.0773    0.3717    1.7143 v _12009_/X (sky130_fd_sc_hd__or4_4)
     1    0.0021                                 _06477_ (net)
                    0.0773    0.0000    1.7143 v _12010_/D (sky130_fd_sc_hd__and4_4)
                    0.0466    0.2110    1.9253 v _12010_/X (sky130_fd_sc_hd__and4_4)
     4    0.0164                                 _06478_ (net)
                    0.0466    0.0000    1.9253 v _12011_/C (sky130_fd_sc_hd__or3_4)
                    0.0590    0.2898    2.2151 v _12011_/X (sky130_fd_sc_hd__or3_4)
     1    0.0021                                 _06479_ (net)
                    0.0590    0.0000    2.2151 v _12012_/D (sky130_fd_sc_hd__and4_4)
                    0.0467    0.2021    2.4172 v _12012_/X (sky130_fd_sc_hd__and4_4)
     4    0.0164                                 _06480_ (net)
                    0.0467    0.0000    2.4172 v _12013_/C (sky130_fd_sc_hd__or3_4)
                    0.0590    0.2898    2.7070 v _12013_/X (sky130_fd_sc_hd__or3_4)
     1    0.0021                                 _06481_ (net)
                    0.0590    0.0000    2.7070 v _12014_/D (sky130_fd_sc_hd__and4_4)
                    0.0438    0.1977    2.9047 v _12014_/X (sky130_fd_sc_hd__and4_4)
     3    0.0138                                 _06482_ (net)
                    0.0438    0.0000    2.9047 v _12015_/D (sky130_fd_sc_hd__or4_4)
                    0.0773    0.3712    3.2758 v _12015_/X (sky130_fd_sc_hd__or4_4)
     1    0.0021                                 _06483_ (net)
                    0.0773    0.0000    3.2758 v _12016_/D (sky130_fd_sc_hd__and4_4)
                    0.0418    0.2035    3.4794 v _12016_/X (sky130_fd_sc_hd__and4_4)
     3    0.0120                                 _06484_ (net)
                    0.0418    0.0000    3.4794 v _12017_/C (sky130_fd_sc_hd__or3_4)
                    0.0592    0.2887    3.7681 v _12017_/X (sky130_fd_sc_hd__or3_4)
     1    0.0022                                 _06485_ (net)
                    0.0592    0.0000    3.7681 v _12018_/C (sky130_fd_sc_hd__and3_4)
                    0.0381    0.1782    3.9462 v _12018_/X (sky130_fd_sc_hd__and3_4)
     2    0.0100                                 _06486_ (net)
                    0.0381    0.0000    3.9462 v _12019_/B (sky130_fd_sc_hd__or2_4)
                    0.0490    0.2108    4.1570 v _12019_/X (sky130_fd_sc_hd__or2_4)
     2    0.0080                                 _06487_ (net)
                    0.0490    0.0000    4.1570 v _12020_/B1 (sky130_fd_sc_hd__o21a_4)
                    0.0411    0.1135    4.2705 v _12020_/X (sky130_fd_sc_hd__o21a_4)
     2    0.0122                                 _06488_ (net)
                    0.0411    0.0000    4.2705 v _12032_/A1 (sky130_fd_sc_hd__o21a_4)
                    0.0317    0.1897    4.4602 v _12032_/X (sky130_fd_sc_hd__o21a_4)
     1    0.0039                                 _06500_ (net)
                    0.0317    0.0000    4.4602 v _12033_/B2 (sky130_fd_sc_hd__a32o_4)
                    0.0437    0.1547    4.6149 v _12033_/X (sky130_fd_sc_hd__a32o_4)
     3    0.0126                                 _06501_ (net)
                    0.0437    0.0000    4.6149 v _12034_/B2 (sky130_fd_sc_hd__o22a_4)
                    0.0346    0.1619    4.7768 v _12034_/X (sky130_fd_sc_hd__o22a_4)
     1    0.0041                                 _06502_ (net)
                    0.0346    0.0000    4.7768 v _12035_/A (sky130_fd_sc_hd__inv_2)
                    0.0684    0.0710    4.8477 ^ _12035_/Y (sky130_fd_sc_hd__inv_2)
     6    0.0137                                 _06503_ (net)
                    0.0684    0.0000    4.8477 ^ _15469_/A (sky130_fd_sc_hd__buf_2)
                    0.1340    0.1665    5.0142 ^ _15469_/X (sky130_fd_sc_hd__buf_2)
     6    0.0261                                 _09132_ (net)
                    0.1340    0.0000    5.0142 ^ _15617_/A1 (sky130_fd_sc_hd__a211o_4)
                    0.0293    0.1153    5.1295 ^ _15617_/X (sky130_fd_sc_hd__a211o_4)
     1    0.0044                                 _09248_ (net)
                    0.0293    0.0000    5.1295 ^ _15618_/A (sky130_fd_sc_hd__inv_2)
                    0.0093    0.0155    5.1450 v _15618_/Y (sky130_fd_sc_hd__inv_2)
     1    0.0015                                 _00173_ (net)
                    0.0093    0.0000    5.1450 v _19843_/D (sky130_fd_sc_hd__dfxtp_4)
                                        5.1450   data arrival time

                    0.0000   10.0000   10.0000   clock clk (rise edge)
                              0.0000   10.0000   clock network delay (ideal)
                              0.0000   10.0000   clock reconvergence pessimism
                                       10.0000 ^ _19843_/CLK (sky130_fd_sc_hd__dfxtp_4)
                             -0.1013    9.8987   library setup time
                                        9.8987   data required time
-------------------------------------------------------------------------------------
                                        9.8987   data required time
                                       -5.1450   data arrival time
-------------------------------------------------------------------------------------
                                        4.7537   slack (MET)


