Startpoint: _19561_ (rising edge-triggered flip-flop clocked by clk)
Endpoint: _19560_ (rising edge-triggered flip-flop clocked by clk)
Path Group: clk
Path Type: min

Fanout       Cap      Slew     Delay      Time   Description
-------------------------------------------------------------------------------------
                    0.0000    0.0000    0.0000   clock clk (rise edge)
                              0.0000    0.0000   clock network delay (ideal)
                    0.0000    0.0000    0.0000 ^ _19561_/CLK (sky130_fd_sc_hd__dfxtp_4)
                    0.0229    0.2240    0.2240 ^ _19561_/Q (sky130_fd_sc_hd__dfxtp_4)
     1    0.0016                                 CPU_reset_a2 (net)
                    0.0229    0.0000    0.2240 ^ _19560_/D (sky130_fd_sc_hd__dfxtp_4)
                                        0.2240   data arrival time

                    0.0000    0.0000    0.0000   clock clk (rise edge)
                              0.0000    0.0000   clock network delay (ideal)
                              0.0000    0.0000   clock reconvergence pessimism
                                        0.0000 ^ _19560_/CLK (sky130_fd_sc_hd__dfxtp_4)
                             -0.0199   -0.0199   library hold time
                                       -0.0199   data required time
-------------------------------------------------------------------------------------
                                       -0.0199   data required time
                                       -0.2240   data arrival time
-------------------------------------------------------------------------------------
                                        0.2440   slack (MET)


Startpoint: _19483_ (rising edge-triggered flip-flop clocked by clk)
Endpoint: _19843_ (rising edge-triggered flip-flop clocked by clk)
Path Group: clk
Path Type: max

Fanout       Cap      Slew     Delay      Time   Description
-------------------------------------------------------------------------------------
                    0.0000    0.0000    0.0000   clock clk (rise edge)
                              0.0000    0.0000   clock network delay (ideal)
                    0.0000    0.0000    0.0000 ^ _19483_/CLK (sky130_fd_sc_hd__dfxtp_4)
                    0.0431    0.2442    0.2442 ^ _19483_/Q (sky130_fd_sc_hd__dfxtp_4)
     3    0.0111                                 CPU_src2_value_a3[1] (net)
                    0.0431    0.0000    0.2442 ^ _12000_/A (sky130_fd_sc_hd__inv_2)
                    0.0244    0.0316    0.2758 v _12000_/Y (sky130_fd_sc_hd__inv_2)
     3    0.0107                                 _06468_ (net)
                    0.0244    0.0000    0.2758 v _12003_/A (sky130_fd_sc_hd__or2_4)
                    0.0440    0.1902    0.4660 v _12003_/X (sky130_fd_sc_hd__or2_4)
     2    0.0082                                 _06471_ (net)
                    0.0440    0.0000    0.4660 v _12004_/B1 (sky130_fd_sc_hd__o21a_4)
                    0.0358    0.0957    0.5617 v _12004_/X (sky130_fd_sc_hd__o21a_4)
     2    0.0103                                 _06472_ (net)
                    0.0358    0.0000    0.5617 v _12005_/B (sky130_fd_sc_hd__or2_4)
                    0.0439    0.1792    0.7409 v _12005_/X (sky130_fd_sc_hd__or2_4)
     2    0.0082                                 _06473_ (net)
                    0.0439    0.0000    0.7409 v _12006_/B1 (sky130_fd_sc_hd__o21a_4)
                    0.0422    0.1031    0.8440 v _12006_/X (sky130_fd_sc_hd__o21a_4)
     3    0.0165                                 _06474_ (net)
                    0.0422    0.0000    0.8440 v _12007_/B2 (sky130_fd_sc_hd__o22a_4)
                    0.0454    0.1584    1.0023 v _12007_/X (sky130_fd_sc_hd__o22a_4)
     3    0.0165                                 _06475_ (net)
                    0.0454    0.0000    1.0023 v _12008_/B2 (sky130_fd_sc_hd__o22a_4)
                    0.0428    0.1556    1.1580 v _12008_/X (sky130_fd_sc_hd__o22a_4)
     3    0.0141                                 _06476_ (net)
                    0.0428    0.0000    1.1580 v _12009_/D (sky130_fd_sc_hd__or4_4)
                    0.0654    0.3056    1.4636 v _12009_/X (sky130_fd_sc_hd__or4_4)
     1    0.0022                                 _06477_ (net)
                    0.0654    0.0000    1.4636 v _12010_/D (sky130_fd_sc_hd__and4_4)
                    0.0438    0.1813    1.6449 v _12010_/X (sky130_fd_sc_hd__and4_4)
     4    0.0168                                 _06478_ (net)
                    0.0438    0.0000    1.6449 v _12011_/C (sky130_fd_sc_hd__or3_4)
                    0.0504    0.2408    1.8857 v _12011_/X (sky130_fd_sc_hd__or3_4)
     1    0.0022                                 _06479_ (net)
                    0.0504    0.0000    1.8857 v _12012_/D (sky130_fd_sc_hd__and4_4)
                    0.0437    0.1742    2.0599 v _12012_/X (sky130_fd_sc_hd__and4_4)
     4    0.0168                                 _06480_ (net)
                    0.0437    0.0000    2.0599 v _12013_/C (sky130_fd_sc_hd__or3_4)
                    0.0504    0.2408    2.3007 v _12013_/X (sky130_fd_sc_hd__or3_4)
     1    0.0022                                 _06481_ (net)
                    0.0504    0.0000    2.3007 v _12014_/D (sky130_fd_sc_hd__and4_4)
                    0.0409    0.1699    2.4706 v _12014_/X (sky130_fd_sc_hd__and4_4)
     3    0.0141                                 _06482_ (net)
                    0.0409    0.0000    2.4706 v _12015_/D (sky130_fd_sc_hd__or4_4)
                    0.0654    0.3052    2.7758 v _12015_/X (sky130_fd_sc_hd__or4_4)
     1    0.0022                                 _06483_ (net)
                    0.0654    0.0000    2.7758 v _12016_/D (sky130_fd_sc_hd__and4_4)
                    0.0391    0.1741    2.9499 v _12016_/X (sky130_fd_sc_hd__and4_4)
     3    0.0123                                 _06484_ (net)
                    0.0391    0.0000    2.9499 v _12017_/C (sky130_fd_sc_hd__or3_4)
                    0.0506    0.2396    3.1895 v _12017_/X (sky130_fd_sc_hd__or3_4)
     1    0.0022                                 _06485_ (net)
                    0.0506    0.0000    3.1895 v _12018_/C (sky130_fd_sc_hd__and3_4)
                    0.0352    0.1534    3.3430 v _12018_/X (sky130_fd_sc_hd__and3_4)
     2    0.0103                                 _06486_ (net)
                    0.0352    0.0000    3.3430 v _12019_/B (sky130_fd_sc_hd__or2_4)
                    0.0440    0.1790    3.5219 v _12019_/X (sky130_fd_sc_hd__or2_4)
     2    0.0082                                 _06487_ (net)
                    0.0440    0.0000    3.5219 v _12020_/B1 (sky130_fd_sc_hd__o21a_4)
                    0.0382    0.0984    3.6203 v _12020_/X (sky130_fd_sc_hd__o21a_4)
     2    0.0125                                 _06488_ (net)
                    0.0382    0.0000    3.6203 v _12032_/A1 (sky130_fd_sc_hd__o21a_4)
                    0.0288    0.1609    3.7812 v _12032_/X (sky130_fd_sc_hd__o21a_4)
     1    0.0040                                 _06500_ (net)
                    0.0288    0.0000    3.7812 v _12033_/B2 (sky130_fd_sc_hd__a32o_4)
                    0.0412    0.1351    3.9163 v _12033_/X (sky130_fd_sc_hd__a32o_4)
     3    0.0129                                 _06501_ (net)
                    0.0412    0.0000    3.9163 v _12034_/B2 (sky130_fd_sc_hd__o22a_4)
                    0.0313    0.1373    4.0536 v _12034_/X (sky130_fd_sc_hd__o22a_4)
     1    0.0042                                 _06502_ (net)
                    0.0313    0.0000    4.0536 v _12035_/A (sky130_fd_sc_hd__inv_2)
                    0.0619    0.0630    4.1167 ^ _12035_/Y (sky130_fd_sc_hd__inv_2)
     6    0.0140                                 _06503_ (net)
                    0.0619    0.0000    4.1167 ^ _15469_/A (sky130_fd_sc_hd__buf_2)
                    0.1210    0.1488    4.2655 ^ _15469_/X (sky130_fd_sc_hd__buf_2)
     6    0.0267                                 _09132_ (net)
                    0.1210    0.0000    4.2655 ^ _15617_/A1 (sky130_fd_sc_hd__a211o_4)
                    0.0270    0.1022    4.3677 ^ _15617_/X (sky130_fd_sc_hd__a211o_4)
     1    0.0045                                 _09248_ (net)
                    0.0270    0.0000    4.3677 ^ _15618_/A (sky130_fd_sc_hd__inv_2)
                    0.0088    0.0138    4.3815 v _15618_/Y (sky130_fd_sc_hd__inv_2)
     1    0.0015                                 _00173_ (net)
                    0.0088    0.0000    4.3815 v _19843_/D (sky130_fd_sc_hd__dfxtp_4)
                                        4.3815   data arrival time

                    0.0000   10.0000   10.0000   clock clk (rise edge)
                              0.0000   10.0000   clock network delay (ideal)
                              0.0000   10.0000   clock reconvergence pessimism
                                       10.0000 ^ _19843_/CLK (sky130_fd_sc_hd__dfxtp_4)
                             -0.0836    9.9164   library setup time
                                        9.9164   data required time
-------------------------------------------------------------------------------------
                                        9.9164   data required time
                                       -4.3815   data arrival time
-------------------------------------------------------------------------------------
                                        5.5349   slack (MET)


