Startpoint: _19561_ (rising edge-triggered flip-flop clocked by clk)
Endpoint: _19560_ (rising edge-triggered flip-flop clocked by clk)
Path Group: clk
Path Type: min

Fanout       Cap      Slew     Delay      Time   Description
-------------------------------------------------------------------------------------
                    0.0000    0.0000    0.0000   clock clk (rise edge)
                              0.0000    0.0000   clock network delay (ideal)
                    0.0000    0.0000    0.0000 ^ _19561_/CLK (sky130_fd_sc_hd__dfxtp_4)
                    0.0605    0.8476    0.8476 v _19561_/Q (sky130_fd_sc_hd__dfxtp_4)
     1    0.0014                                 CPU_reset_a2 (net)
                    0.0605    0.0000    0.8476 v _19560_/D (sky130_fd_sc_hd__dfxtp_4)
                                        0.8476   data arrival time

                    0.0000    0.0000    0.0000   clock clk (rise edge)
                              0.0000    0.0000   clock network delay (ideal)
                              0.0000    0.0000   clock reconvergence pessimism
                                        0.0000 ^ _19560_/CLK (sky130_fd_sc_hd__dfxtp_4)
                             -0.1354   -0.1354   library hold time
                                       -0.1354   data required time
-------------------------------------------------------------------------------------
                                       -0.1354   data required time
                                       -0.8476   data arrival time
-------------------------------------------------------------------------------------
                                        0.9830   slack (MET)


Startpoint: _19483_ (rising edge-triggered flip-flop clocked by clk)
Endpoint: _19843_ (rising edge-triggered flip-flop clocked by clk)
Path Group: clk
Path Type: max

Fanout       Cap      Slew     Delay      Time   Description
-------------------------------------------------------------------------------------
                    0.0000    0.0000    0.0000   clock clk (rise edge)
                              0.0000    0.0000   clock network delay (ideal)
                    0.0000    0.0000    0.0000 ^ _19483_/CLK (sky130_fd_sc_hd__dfxtp_4)
                    0.1192    0.9879    0.9879 ^ _19483_/Q (sky130_fd_sc_hd__dfxtp_4)
     3    0.0107                                 CPU_src2_value_a3[1] (net)
                    0.1192    0.0000    0.9879 ^ _12000_/A (sky130_fd_sc_hd__inv_2)
                    0.0736    0.1241    1.1120 v _12000_/Y (sky130_fd_sc_hd__inv_2)
     3    0.0108                                 _06468_ (net)
                    0.0736    0.0000    1.1120 v _12003_/A (sky130_fd_sc_hd__or2_4)
                    0.1289    0.7053    1.8173 v _12003_/X (sky130_fd_sc_hd__or2_4)
     2    0.0083                                 _06471_ (net)
                    0.1289    0.0000    1.8173 v _12004_/B1 (sky130_fd_sc_hd__o21a_4)
                    0.1014    0.3395    2.1569 v _12004_/X (sky130_fd_sc_hd__o21a_4)
     2    0.0103                                 _06472_ (net)
                    0.1014    0.0000    2.1569 v _12005_/B (sky130_fd_sc_hd__or2_4)
                    0.1290    0.6721    2.8290 v _12005_/X (sky130_fd_sc_hd__or2_4)
     2    0.0083                                 _06473_ (net)
                    0.1290    0.0000    2.8290 v _12006_/B1 (sky130_fd_sc_hd__o21a_4)
                    0.1207    0.3623    3.1913 v _12006_/X (sky130_fd_sc_hd__o21a_4)
     3    0.0166                                 _06474_ (net)
                    0.1207    0.0000    3.1913 v _12007_/B2 (sky130_fd_sc_hd__o22a_4)
                    0.1529    0.6090    3.8003 v _12007_/X (sky130_fd_sc_hd__o22a_4)
     3    0.0166                                 _06475_ (net)
                    0.1529    0.0000    3.8003 v _12008_/B2 (sky130_fd_sc_hd__o22a_4)
                    0.1431    0.6116    4.4119 v _12008_/X (sky130_fd_sc_hd__o22a_4)
     3    0.0142                                 _06476_ (net)
                    0.1431    0.0000    4.4119 v _12009_/D (sky130_fd_sc_hd__or4_4)
                    0.2124    1.2855    5.6973 v _12009_/X (sky130_fd_sc_hd__or4_4)
     1    0.0022                                 _06477_ (net)
                    0.2124    0.0000    5.6973 v _12010_/D (sky130_fd_sc_hd__and4_4)
                    0.1156    0.6017    6.2990 v _12010_/X (sky130_fd_sc_hd__and4_4)
     4    0.0169                                 _06478_ (net)
                    0.1156    0.0000    6.2990 v _12011_/C (sky130_fd_sc_hd__or3_4)
                    0.1590    0.9720    7.2710 v _12011_/X (sky130_fd_sc_hd__or3_4)
     1    0.0022                                 _06479_ (net)
                    0.1590    0.0000    7.2710 v _12012_/D (sky130_fd_sc_hd__and4_4)
                    0.1156    0.5731    7.8440 v _12012_/X (sky130_fd_sc_hd__and4_4)
     4    0.0169                                 _06480_ (net)
                    0.1156    0.0000    7.8440 v _12013_/C (sky130_fd_sc_hd__or3_4)
                    0.1590    0.9720    8.8160 v _12013_/X (sky130_fd_sc_hd__or3_4)
     1    0.0022                                 _06481_ (net)
                    0.1590    0.0000    8.8160 v _12014_/D (sky130_fd_sc_hd__and4_4)
                    0.1078    0.5632    9.3792 v _12014_/X (sky130_fd_sc_hd__and4_4)
     3    0.0142                                 _06482_ (net)
                    0.1078    0.0000    9.3792 v _12015_/D (sky130_fd_sc_hd__or4_4)
                    0.2124    1.2737   10.6529 v _12015_/X (sky130_fd_sc_hd__or4_4)
     1    0.0022                                 _06483_ (net)
                    0.2124    0.0000   10.6529 v _12016_/D (sky130_fd_sc_hd__and4_4)
                    0.1026    0.5851   11.2380 v _12016_/X (sky130_fd_sc_hd__and4_4)
     3    0.0124                                 _06484_ (net)
                    0.1026    0.0000   11.2380 v _12017_/C (sky130_fd_sc_hd__or3_4)
                    0.1596    0.9678   12.2058 v _12017_/X (sky130_fd_sc_hd__or3_4)
     1    0.0022                                 _06485_ (net)
                    0.1596    0.0000   12.2058 v _12018_/C (sky130_fd_sc_hd__and3_4)
                    0.0945    0.5222   12.7280 v _12018_/X (sky130_fd_sc_hd__and3_4)
     2    0.0103                                 _06486_ (net)
                    0.0945    0.0000   12.7280 v _12019_/B (sky130_fd_sc_hd__or2_4)
                    0.1289    0.6693   13.3973 v _12019_/X (sky130_fd_sc_hd__or2_4)
     2    0.0083                                 _06487_ (net)
                    0.1289    0.0000   13.3973 v _12020_/B1 (sky130_fd_sc_hd__o21a_4)
                    0.1083    0.3476   13.7449 v _12020_/X (sky130_fd_sc_hd__o21a_4)
     2    0.0125                                 _06488_ (net)
                    0.1083    0.0000   13.7449 v _12032_/A1 (sky130_fd_sc_hd__o21a_4)
                    0.0787    0.5728   14.3178 v _12032_/X (sky130_fd_sc_hd__o21a_4)
     1    0.0040                                 _06500_ (net)
                    0.0787    0.0000   14.3178 v _12033_/B2 (sky130_fd_sc_hd__a32o_4)
                    0.1231    0.6932   15.0109 v _12033_/X (sky130_fd_sc_hd__a32o_4)
     3    0.0130                                 _06501_ (net)
                    0.1231    0.0000   15.0109 v _12034_/B2 (sky130_fd_sc_hd__o22a_4)
                    0.0969    0.5376   15.5486 v _12034_/X (sky130_fd_sc_hd__o22a_4)
     1    0.0041                                 _06502_ (net)
                    0.0969    0.0000   15.5486 v _12035_/A (sky130_fd_sc_hd__inv_2)
                    0.1447    0.1670   15.7156 ^ _12035_/Y (sky130_fd_sc_hd__inv_2)
     6    0.0131                                 _06503_ (net)
                    0.1447    0.0000   15.7156 ^ _15469_/A (sky130_fd_sc_hd__buf_2)
                    0.2886    0.4395   16.1551 ^ _15469_/X (sky130_fd_sc_hd__buf_2)
     6    0.0256                                 _09132_ (net)
                    0.2886    0.0000   16.1551 ^ _15617_/A1 (sky130_fd_sc_hd__a211o_4)
                    0.0727    0.4040   16.5591 ^ _15617_/X (sky130_fd_sc_hd__a211o_4)
     1    0.0044                                 _09248_ (net)
                    0.0727    0.0000   16.5591 ^ _15618_/A (sky130_fd_sc_hd__inv_2)
                    0.0223    0.0595   16.6186 v _15618_/Y (sky130_fd_sc_hd__inv_2)
     1    0.0014                                 _00173_ (net)
                    0.0223    0.0000   16.6186 v _19843_/D (sky130_fd_sc_hd__dfxtp_4)
                                       16.6186   data arrival time

                    0.0000   10.0000   10.0000   clock clk (rise edge)
                              0.0000   10.0000   clock network delay (ideal)
                              0.0000   10.0000   clock reconvergence pessimism
                                       10.0000 ^ _19843_/CLK (sky130_fd_sc_hd__dfxtp_4)
                             -0.4573    9.5427   library setup time
                                        9.5427   data required time
-------------------------------------------------------------------------------------
                                        9.5427   data required time
                                      -16.6186   data arrival time
-------------------------------------------------------------------------------------
                                       -7.0759   slack (VIOLATED)


