Startpoint: _19561_ (rising edge-triggered flip-flop clocked by clk)
Endpoint: _19560_ (rising edge-triggered flip-flop clocked by clk)
Path Group: clk
Path Type: min

Fanout       Cap      Slew     Delay      Time   Description
-------------------------------------------------------------------------------------
                    0.0000    0.0000    0.0000   clock clk (rise edge)
                              0.0000    0.0000   clock network delay (ideal)
                    0.0000    0.0000    0.0000 ^ _19561_/CLK (sky130_fd_sc_hd__dfxtp_4)
                    0.0808    1.0969    1.0969 v _19561_/Q (sky130_fd_sc_hd__dfxtp_4)
     1    0.0012                                 CPU_reset_a2 (net)
                    0.0808    0.0000    1.0969 v _19560_/D (sky130_fd_sc_hd__dfxtp_4)
                                        1.0969   data arrival time

                    0.0000    0.0000    0.0000   clock clk (rise edge)
                              0.0000    0.0000   clock network delay (ideal)
                              0.0000    0.0000   clock reconvergence pessimism
                                        0.0000 ^ _19560_/CLK (sky130_fd_sc_hd__dfxtp_4)
                             -0.1986   -0.1986   library hold time
                                       -0.1986   data required time
-------------------------------------------------------------------------------------
                                       -0.1986   data required time
                                       -1.0969   data arrival time
-------------------------------------------------------------------------------------
                                        1.2955   slack (MET)


Startpoint: _19483_ (rising edge-triggered flip-flop clocked by clk)
Endpoint: _19843_ (rising edge-triggered flip-flop clocked by clk)
Path Group: clk
Path Type: max

Fanout       Cap      Slew     Delay      Time   Description
-------------------------------------------------------------------------------------
                    0.0000    0.0000    0.0000   clock clk (rise edge)
                              0.0000    0.0000   clock network delay (ideal)
                    0.0000    0.0000    0.0000 ^ _19483_/CLK (sky130_fd_sc_hd__dfxtp_4)
                    0.1636    1.3002    1.3002 ^ _19483_/Q (sky130_fd_sc_hd__dfxtp_4)
     3    0.0098                                 CPU_src2_value_a3[1] (net)
                    0.1636    0.0000    1.3002 ^ _12000_/A (sky130_fd_sc_hd__inv_2)
                    0.0593    0.1369    1.4371 v _12000_/Y (sky130_fd_sc_hd__inv_2)
     3    0.0097                                 _06468_ (net)
                    0.0593    0.0000    1.4371 v _12003_/A (sky130_fd_sc_hd__or2_4)
                    0.1764    1.1526    2.5896 v _12003_/X (sky130_fd_sc_hd__or2_4)
     2    0.0074                                 _06471_ (net)
                    0.1764    0.0000    2.5896 v _12004_/B1 (sky130_fd_sc_hd__o21a_4)
                    0.1266    0.5224    3.1121 v _12004_/X (sky130_fd_sc_hd__o21a_4)
     2    0.0093                                 _06472_ (net)
                    0.1266    0.0000    3.1121 v _12005_/B (sky130_fd_sc_hd__or2_4)
                    0.1764    1.1292    4.2413 v _12005_/X (sky130_fd_sc_hd__or2_4)
     2    0.0074                                 _06473_ (net)
                    0.1764    0.0000    4.2413 v _12006_/B1 (sky130_fd_sc_hd__o21a_4)
                    0.1417    0.5420    4.7833 v _12006_/X (sky130_fd_sc_hd__o21a_4)
     3    0.0149                                 _06474_ (net)
                    0.1417    0.0000    4.7833 v _12007_/B2 (sky130_fd_sc_hd__o22a_4)
                    0.1665    1.0133    5.7966 v _12007_/X (sky130_fd_sc_hd__o22a_4)
     3    0.0149                                 _06475_ (net)
                    0.1665    0.0000    5.7966 v _12008_/B2 (sky130_fd_sc_hd__o22a_4)
                    0.1595    1.0155    6.8121 v _12008_/X (sky130_fd_sc_hd__o22a_4)
     3    0.0127                                 _06476_ (net)
                    0.1595    0.0000    6.8121 v _12009_/D (sky130_fd_sc_hd__or4_4)
                    0.3589    2.4850    9.2971 v _12009_/X (sky130_fd_sc_hd__or4_4)
     1    0.0020                                 _06477_ (net)
                    0.3589    0.0000    9.2971 v _12010_/D (sky130_fd_sc_hd__and4_4)
                    0.1382    1.0175   10.3146 v _12010_/X (sky130_fd_sc_hd__and4_4)
     4    0.0152                                 _06478_ (net)
                    0.1382    0.0000   10.3146 v _12011_/C (sky130_fd_sc_hd__or3_4)
                    0.2586    1.8008   12.1154 v _12011_/X (sky130_fd_sc_hd__or3_4)
     1    0.0020                                 _06479_ (net)
                    0.2586    0.0000   12.1154 v _12012_/D (sky130_fd_sc_hd__and4_4)
                    0.1382    0.9543   13.0697 v _12012_/X (sky130_fd_sc_hd__and4_4)
     4    0.0152                                 _06480_ (net)
                    0.1382    0.0000   13.0697 v _12013_/C (sky130_fd_sc_hd__or3_4)
                    0.2586    1.8008   14.8705 v _12013_/X (sky130_fd_sc_hd__or3_4)
     1    0.0020                                 _06481_ (net)
                    0.2586    0.0000   14.8705 v _12014_/D (sky130_fd_sc_hd__and4_4)
                    0.1318    0.9434   15.8139 v _12014_/X (sky130_fd_sc_hd__and4_4)
     3    0.0127                                 _06482_ (net)
                    0.1318    0.0000   15.8139 v _12015_/D (sky130_fd_sc_hd__or4_4)
                    0.3589    2.4725   18.2865 v _12015_/X (sky130_fd_sc_hd__or4_4)
     1    0.0020                                 _06483_ (net)
                    0.3589    0.0000   18.2865 v _12016_/D (sky130_fd_sc_hd__and4_4)
                    0.1276    0.9995   19.2860 v _12016_/X (sky130_fd_sc_hd__and4_4)
     3    0.0111                                 _06484_ (net)
                    0.1276    0.0000   19.2860 v _12017_/C (sky130_fd_sc_hd__or3_4)
                    0.2587    1.7961   21.0821 v _12017_/X (sky130_fd_sc_hd__or3_4)
     1    0.0020                                 _06485_ (net)
                    0.2587    0.0000   21.0821 v _12018_/C (sky130_fd_sc_hd__and3_4)
                    0.1201    0.8831   21.9652 v _12018_/X (sky130_fd_sc_hd__and3_4)
     2    0.0093                                 _06486_ (net)
                    0.1201    0.0000   21.9652 v _12019_/B (sky130_fd_sc_hd__or2_4)
                    0.1764    1.1256   23.0908 v _12019_/X (sky130_fd_sc_hd__or2_4)
     2    0.0074                                 _06487_ (net)
                    0.1764    0.0000   23.0908 v _12020_/B1 (sky130_fd_sc_hd__o21a_4)
                    0.1318    0.5292   23.6200 v _12020_/X (sky130_fd_sc_hd__o21a_4)
     2    0.0113                                 _06488_ (net)
                    0.1318    0.0000   23.6200 v _12032_/A1 (sky130_fd_sc_hd__o21a_4)
                    0.1097    0.9768   24.5968 v _12032_/X (sky130_fd_sc_hd__o21a_4)
     1    0.0036                                 _06500_ (net)
                    0.1097    0.0000   24.5968 v _12033_/B2 (sky130_fd_sc_hd__a32o_4)
                    0.1489    1.1256   25.7224 v _12033_/X (sky130_fd_sc_hd__a32o_4)
     3    0.0118                                 _06501_ (net)
                    0.1489    0.0000   25.7224 v _12034_/B2 (sky130_fd_sc_hd__o22a_4)
                    0.1291    0.9493   26.6717 v _12034_/X (sky130_fd_sc_hd__o22a_4)
     1    0.0037                                 _06502_ (net)
                    0.1291    0.0000   26.6717 v _12035_/A (sky130_fd_sc_hd__inv_2)
                    0.2150    0.2605   26.9322 ^ _12035_/Y (sky130_fd_sc_hd__inv_2)
     6    0.0120                                 _06503_ (net)
                    0.2150    0.0000   26.9322 ^ _15469_/A (sky130_fd_sc_hd__buf_2)
                    0.4363    0.5943   27.5265 ^ _15469_/X (sky130_fd_sc_hd__buf_2)
     6    0.0234                                 _09132_ (net)
                    0.4363    0.0000   27.5265 ^ _15617_/A1 (sky130_fd_sc_hd__a211o_4)
                    0.0879    0.4727   27.9992 ^ _15617_/X (sky130_fd_sc_hd__a211o_4)
     1    0.0040                                 _09248_ (net)
                    0.0879    0.0000   27.9992 ^ _15618_/A (sky130_fd_sc_hd__inv_2)
                    0.0185    0.0659   28.0651 v _15618_/Y (sky130_fd_sc_hd__inv_2)
     1    0.0012                                 _00173_ (net)
                    0.0185    0.0000   28.0651 v _19843_/D (sky130_fd_sc_hd__dfxtp_4)
                                       28.0651   data arrival time

                    0.0000   10.0000   10.0000   clock clk (rise edge)
                              0.0000   10.0000   clock network delay (ideal)
                              0.0000   10.0000   clock reconvergence pessimism
                                       10.0000 ^ _19843_/CLK (sky130_fd_sc_hd__dfxtp_4)
                             -0.7733    9.2267   library setup time
                                        9.2267   data required time
-------------------------------------------------------------------------------------
                                        9.2267   data required time
                                      -28.0651   data arrival time
-------------------------------------------------------------------------------------
                                      -18.8384   slack (VIOLATED)


