Startpoint: _19561_ (rising edge-triggered flip-flop clocked by clk)
Endpoint: _19560_ (rising edge-triggered flip-flop clocked by clk)
Path Group: clk
Path Type: min

Fanout       Cap      Slew     Delay      Time   Description
-------------------------------------------------------------------------------------
                    0.0000    0.0000    0.0000   clock clk (rise edge)
                              0.0000    0.0000   clock network delay (ideal)
                    0.0000    0.0000    0.0000 ^ _19561_/CLK (sky130_fd_sc_hd__dfxtp_4)
                    0.0286    0.3041    0.3041 ^ _19561_/Q (sky130_fd_sc_hd__dfxtp_4)
     1    0.0016                                 CPU_reset_a2 (net)
                    0.0286    0.0000    0.3041 ^ _19560_/D (sky130_fd_sc_hd__dfxtp_4)
                                        0.3041   data arrival time

                    0.0000    0.0000    0.0000   clock clk (rise edge)
                              0.0000    0.0000   clock network delay (ideal)
                              0.0000    0.0000   clock reconvergence pessimism
                                        0.0000 ^ _19560_/CLK (sky130_fd_sc_hd__dfxtp_4)
                             -0.0337   -0.0337   library hold time
                                       -0.0337   data required time
-------------------------------------------------------------------------------------
                                       -0.0337   data required time
                                       -0.3041   data arrival time
-------------------------------------------------------------------------------------
                                        0.3378   slack (MET)


Startpoint: _19483_ (rising edge-triggered flip-flop clocked by clk)
Endpoint: _19843_ (rising edge-triggered flip-flop clocked by clk)
Path Group: clk
Path Type: max

Fanout       Cap      Slew     Delay      Time   Description
-------------------------------------------------------------------------------------
                    0.0000    0.0000    0.0000   clock clk (rise edge)
                              0.0000    0.0000   clock network delay (ideal)
                    0.0000    0.0000    0.0000 ^ _19483_/CLK (sky130_fd_sc_hd__dfxtp_4)
                    0.0523    0.3293    0.3293 ^ _19483_/Q (sky130_fd_sc_hd__dfxtp_4)
     3    0.0113                                 CPU_src2_value_a3[1] (net)
                    0.0523    0.0000    0.3293 ^ _12000_/A (sky130_fd_sc_hd__inv_2)
                    0.0306    0.0450    0.3743 v _12000_/Y (sky130_fd_sc_hd__inv_2)
     3    0.0111                                 _06468_ (net)
                    0.0306    0.0000    0.3743 v _12003_/A (sky130_fd_sc_hd__or2_4)
                    0.0531    0.2465    0.6207 v _12003_/X (sky130_fd_sc_hd__or2_4)
     2    0.0084                                 _06471_ (net)
                    0.0531    0.0000    0.6207 v _12004_/B1 (sky130_fd_sc_hd__o21a_4)
                    0.0431    0.1242    0.7449 v _12004_/X (sky130_fd_sc_hd__o21a_4)
     2    0.0106                                 _06472_ (net)
                    0.0431    0.0000    0.7449 v _12005_/B (sky130_fd_sc_hd__or2_4)
                    0.0532    0.2323    0.9772 v _12005_/X (sky130_fd_sc_hd__or2_4)
     2    0.0084                                 _06473_ (net)
                    0.0532    0.0000    0.9772 v _12006_/B1 (sky130_fd_sc_hd__o21a_4)
                    0.0515    0.1346    1.1118 v _12006_/X (sky130_fd_sc_hd__o21a_4)
     3    0.0170                                 _06474_ (net)
                    0.0515    0.0000    1.1118 v _12007_/B2 (sky130_fd_sc_hd__o22a_4)
                    0.0598    0.2083    1.3202 v _12007_/X (sky130_fd_sc_hd__o22a_4)
     3    0.0170                                 _06475_ (net)
                    0.0598    0.0000    1.3202 v _12008_/B2 (sky130_fd_sc_hd__o22a_4)
                    0.0558    0.2065    1.5267 v _12008_/X (sky130_fd_sc_hd__o22a_4)
     3    0.0146                                 _06476_ (net)
                    0.0558    0.0000    1.5267 v _12009_/D (sky130_fd_sc_hd__or4_4)
                    0.0776    0.4006    1.9273 v _12009_/X (sky130_fd_sc_hd__or4_4)
     1    0.0022                                 _06477_ (net)
                    0.0776    0.0000    1.9273 v _12010_/D (sky130_fd_sc_hd__and4_4)
                    0.0522    0.2249    2.1522 v _12010_/X (sky130_fd_sc_hd__and4_4)
     4    0.0173                                 _06478_ (net)
                    0.0522    0.0000    2.1522 v _12011_/C (sky130_fd_sc_hd__or3_4)
                    0.0601    0.3138    2.4660 v _12011_/X (sky130_fd_sc_hd__or3_4)
     1    0.0022                                 _06479_ (net)
                    0.0601    0.0000    2.4660 v _12012_/D (sky130_fd_sc_hd__and4_4)
                    0.0521    0.2165    2.6825 v _12012_/X (sky130_fd_sc_hd__and4_4)
     4    0.0173                                 _06480_ (net)
                    0.0521    0.0000    2.6825 v _12013_/C (sky130_fd_sc_hd__or3_4)
                    0.0601    0.3138    2.9962 v _12013_/X (sky130_fd_sc_hd__or3_4)
     1    0.0022                                 _06481_ (net)
                    0.0601    0.0000    2.9962 v _12014_/D (sky130_fd_sc_hd__and4_4)
                    0.0487    0.2119    3.2081 v _12014_/X (sky130_fd_sc_hd__and4_4)
     3    0.0146                                 _06482_ (net)
                    0.0487    0.0000    3.2081 v _12015_/D (sky130_fd_sc_hd__or4_4)
                    0.0776    0.3988    3.6069 v _12015_/X (sky130_fd_sc_hd__or4_4)
     1    0.0022                                 _06483_ (net)
                    0.0776    0.0000    3.6069 v _12016_/D (sky130_fd_sc_hd__and4_4)
                    0.0462    0.2165    3.8234 v _12016_/X (sky130_fd_sc_hd__and4_4)
     3    0.0127                                 _06484_ (net)
                    0.0462    0.0000    3.8234 v _12017_/C (sky130_fd_sc_hd__or3_4)
                    0.0604    0.3125    4.1359 v _12017_/X (sky130_fd_sc_hd__or3_4)
     1    0.0023                                 _06485_ (net)
                    0.0604    0.0000    4.1359 v _12018_/C (sky130_fd_sc_hd__and3_4)
                    0.0418    0.1926    4.3285 v _12018_/X (sky130_fd_sc_hd__and3_4)
     2    0.0106                                 _06486_ (net)
                    0.0418    0.0000    4.3285 v _12019_/B (sky130_fd_sc_hd__or2_4)
                    0.0532    0.2319    4.5604 v _12019_/X (sky130_fd_sc_hd__or2_4)
     2    0.0084                                 _06487_ (net)
                    0.0532    0.0000    4.5604 v _12020_/B1 (sky130_fd_sc_hd__o21a_4)
                    0.0462    0.1282    4.6886 v _12020_/X (sky130_fd_sc_hd__o21a_4)
     2    0.0129                                 _06488_ (net)
                    0.0462    0.0000    4.6886 v _12032_/A1 (sky130_fd_sc_hd__o21a_4)
                    0.0336    0.2050    4.8936 v _12032_/X (sky130_fd_sc_hd__o21a_4)
     1    0.0039                                 _06500_ (net)
                    0.0336    0.0000    4.8936 v _12033_/B2 (sky130_fd_sc_hd__a32o_4)
                    0.0581    0.2808    5.1744 v _12033_/X (sky130_fd_sc_hd__a32o_4)
     3    0.0132                                 _06501_ (net)
                    0.0581    0.0000    5.1744 v _12034_/B2 (sky130_fd_sc_hd__o22a_4)
                    0.0379    0.1815    5.3559 v _12034_/X (sky130_fd_sc_hd__o22a_4)
     1    0.0043                                 _06502_ (net)
                    0.0379    0.0000    5.3559 v _12035_/A (sky130_fd_sc_hd__inv_2)
                    0.0706    0.0733    5.4291 ^ _12035_/Y (sky130_fd_sc_hd__inv_2)
     6    0.0140                                 _06503_ (net)
                    0.0706    0.0000    5.4291 ^ _15469_/A (sky130_fd_sc_hd__buf_2)
                    0.1401    0.1848    5.6139 ^ _15469_/X (sky130_fd_sc_hd__buf_2)
     6    0.0273                                 _09132_ (net)
                    0.1401    0.0000    5.6139 ^ _15617_/A1 (sky130_fd_sc_hd__a211o_4)
                    0.0341    0.1431    5.7571 ^ _15617_/X (sky130_fd_sc_hd__a211o_4)
     1    0.0046                                 _09248_ (net)
                    0.0341    0.0000    5.7571 ^ _15618_/A (sky130_fd_sc_hd__inv_2)
                    0.0106    0.0204    5.7775 v _15618_/Y (sky130_fd_sc_hd__inv_2)
     1    0.0015                                 _00173_ (net)
                    0.0106    0.0000    5.7775 v _19843_/D (sky130_fd_sc_hd__dfxtp_4)
                                        5.7775   data arrival time

                    0.0000   10.0000   10.0000   clock clk (rise edge)
                              0.0000   10.0000   clock network delay (ideal)
                              0.0000   10.0000   clock reconvergence pessimism
                                       10.0000 ^ _19843_/CLK (sky130_fd_sc_hd__dfxtp_4)
                             -0.1071    9.8929   library setup time
                                        9.8929   data required time
-------------------------------------------------------------------------------------
                                        9.8929   data required time
                                       -5.7775   data arrival time
-------------------------------------------------------------------------------------
                                        4.1155   slack (MET)


